Archive member included to satisfy reference by file (symbol)

/usr/bin/../lib/gcc/arm-none-eabi/13.2.1/thumb/v6-m/nofp/libgcc.a(_dvmd_tls.o)
                              CMakeFiles/blink.dir/home/leon3/pico-sdk/src/rp2_common/pico_divider/divider.S.obj (__aeabi_idiv0)
/usr/bin/../lib/gcc/arm-none-eabi/13.2.1/../../../../arm-none-eabi/lib/thumb/v6-m/nofp/libg.a(libc_a-malloc.o)
                              CMakeFiles/blink.dir/home/leon3/pico-sdk/src/rp2_common/pico_malloc/pico_malloc.c.obj (malloc)
/usr/bin/../lib/gcc/arm-none-eabi/13.2.1/../../../../arm-none-eabi/lib/thumb/v6-m/nofp/libg.a(libc_a-mallocr.o)
                              /usr/bin/../lib/gcc/arm-none-eabi/13.2.1/../../../../arm-none-eabi/lib/thumb/v6-m/nofp/libg.a(libc_a-malloc.o) (_malloc_r)
/usr/bin/../lib/gcc/arm-none-eabi/13.2.1/../../../../arm-none-eabi/lib/thumb/v6-m/nofp/libg.a(libc_a-init.o)
                              /usr/bin/../lib/gcc/arm-none-eabi/13.2.1/../../../../arm-none-eabi/lib/thumb/v6-m/nofp/crt0.o (__libc_init_array)
/usr/bin/../lib/gcc/arm-none-eabi/13.2.1/../../../../arm-none-eabi/lib/thumb/v6-m/nofp/libg.a(libc_a-sysconf.o)
                              /usr/bin/../lib/gcc/arm-none-eabi/13.2.1/../../../../arm-none-eabi/lib/thumb/v6-m/nofp/libg.a(libc_a-mallocr.o) (sysconf)
/usr/bin/../lib/gcc/arm-none-eabi/13.2.1/../../../../arm-none-eabi/lib/thumb/v6-m/nofp/libg.a(libc_a-mlock.o)
                              /usr/bin/../lib/gcc/arm-none-eabi/13.2.1/../../../../arm-none-eabi/lib/thumb/v6-m/nofp/libg.a(libc_a-mallocr.o) (__malloc_lock)
/usr/bin/../lib/gcc/arm-none-eabi/13.2.1/../../../../arm-none-eabi/lib/thumb/v6-m/nofp/libg.a(libc_a-calloc.o)
                              CMakeFiles/blink.dir/home/leon3/pico-sdk/src/rp2_common/pico_malloc/pico_malloc.c.obj (calloc)
/usr/bin/../lib/gcc/arm-none-eabi/13.2.1/../../../../arm-none-eabi/lib/thumb/v6-m/nofp/libg.a(libc_a-callocr.o)
                              /usr/bin/../lib/gcc/arm-none-eabi/13.2.1/../../../../arm-none-eabi/lib/thumb/v6-m/nofp/libg.a(libc_a-calloc.o) (_calloc_r)
/usr/bin/../lib/gcc/arm-none-eabi/13.2.1/../../../../arm-none-eabi/lib/thumb/v6-m/nofp/libg.a(libc_a-realloc.o)
                              CMakeFiles/blink.dir/home/leon3/pico-sdk/src/rp2_common/pico_malloc/pico_malloc.c.obj (realloc)
/usr/bin/../lib/gcc/arm-none-eabi/13.2.1/../../../../arm-none-eabi/lib/thumb/v6-m/nofp/libg.a(libc_a-impure.o)
                              /usr/bin/../lib/gcc/arm-none-eabi/13.2.1/../../../../arm-none-eabi/lib/thumb/v6-m/nofp/libg.a(libc_a-malloc.o) (_impure_ptr)
/usr/bin/../lib/gcc/arm-none-eabi/13.2.1/../../../../arm-none-eabi/lib/thumb/v6-m/nofp/libg.a(libc_a-findfp.o)
                              /usr/bin/../lib/gcc/arm-none-eabi/13.2.1/../../../../arm-none-eabi/lib/thumb/v6-m/nofp/libg.a(libc_a-impure.o) (__sf)
/usr/bin/../lib/gcc/arm-none-eabi/13.2.1/../../../../arm-none-eabi/lib/thumb/v6-m/nofp/libg.a(libc_a-strlen-stub.o)
                              CMakeFiles/blink.dir/home/leon3/pico-sdk/src/rp2_common/pico_stdio/stdio.c.obj (strlen)
/usr/bin/../lib/gcc/arm-none-eabi/13.2.1/../../../../arm-none-eabi/lib/thumb/v6-m/nofp/libg.a(libc_a-reallocr.o)
                              /usr/bin/../lib/gcc/arm-none-eabi/13.2.1/../../../../arm-none-eabi/lib/thumb/v6-m/nofp/libg.a(libc_a-realloc.o) (_realloc_r)
/usr/bin/../lib/gcc/arm-none-eabi/13.2.1/../../../../arm-none-eabi/lib/thumb/v6-m/nofp/libg.a(libc_a-freer.o)
                              /usr/bin/../lib/gcc/arm-none-eabi/13.2.1/../../../../arm-none-eabi/lib/thumb/v6-m/nofp/libg.a(libc_a-malloc.o) (_free_r)
/usr/bin/../lib/gcc/arm-none-eabi/13.2.1/../../../../arm-none-eabi/lib/thumb/v6-m/nofp/libg.a(libc_a-stdio.o)
                              /usr/bin/../lib/gcc/arm-none-eabi/13.2.1/../../../../arm-none-eabi/lib/thumb/v6-m/nofp/libg.a(libc_a-findfp.o) (__sread)
/usr/bin/../lib/gcc/arm-none-eabi/13.2.1/../../../../arm-none-eabi/lib/thumb/v6-m/nofp/libg.a(libc_a-sbrkr.o)
                              /usr/bin/../lib/gcc/arm-none-eabi/13.2.1/../../../../arm-none-eabi/lib/thumb/v6-m/nofp/libg.a(libc_a-mallocr.o) (_sbrk_r)
/usr/bin/../lib/gcc/arm-none-eabi/13.2.1/../../../../arm-none-eabi/lib/thumb/v6-m/nofp/libg.a(libc_a-fwalk.o)
                              /usr/bin/../lib/gcc/arm-none-eabi/13.2.1/../../../../arm-none-eabi/lib/thumb/v6-m/nofp/libg.a(libc_a-findfp.o) (_fwalk_sglue)
/usr/bin/../lib/gcc/arm-none-eabi/13.2.1/../../../../arm-none-eabi/lib/thumb/v6-m/nofp/libg.a(libc_a-writer.o)
                              /usr/bin/../lib/gcc/arm-none-eabi/13.2.1/../../../../arm-none-eabi/lib/thumb/v6-m/nofp/libg.a(libc_a-stdio.o) (_write_r)
/usr/bin/../lib/gcc/arm-none-eabi/13.2.1/../../../../arm-none-eabi/lib/thumb/v6-m/nofp/libg.a(libc_a-errno.o)
                              /usr/bin/../lib/gcc/arm-none-eabi/13.2.1/../../../../arm-none-eabi/lib/thumb/v6-m/nofp/libg.a(libc_a-sysconf.o) (__errno)
[...]
Memory Configuration

Name             Origin             Length             Attributes
FLASH            0x10000000         0x00200000         xr
RAM              0x20000000         0x00040000         xrw
SCRATCH_X        0x20040000         0x00001000         xrw
SCRATCH_Y        0x20041000         0x00001000         xrw
*default*        0x00000000         0xffffffff

Linker script and memory map

LOAD /usr/bin/../lib/gcc/arm-none-eabi/13.2.1/thumb/v6-m/nofp/crti.o
LOAD /usr/bin/../lib/gcc/arm-none-eabi/13.2.1/thumb/v6-m/nofp/crtbegin.o
LOAD /usr/bin/../lib/gcc/arm-none-eabi/13.2.1/../../../../arm-none-eabi/lib/thumb/v6-m/nofp/crt0.o

.flash_begin    0x10000000        0x0
                0x10000000                        __flash_binary_start = .

.boot2          0x10000000      0x100
                0x10000000                        __boot2_start__ = .
 *(.boot2)
 .boot2         0x10000000      0x100 /tmp/ccHs3NQN.o
                0x10000100                        __boot2_end__ = .
                0x00000001                        ASSERT (((__boot2_end__ - __boot2_start__) == 0x100), ERROR: Pico second stage bootloader must be 256 bytes in size)

.text           0x10000100     0x89f8
                0x10000100                        __logical_binary_start = .
 *(.vectors)
 .vectors       0x10000100       0xd4 CMakeFiles/blink.dir/home/leon3/pico-sdk/src/rp2_common/pico_standard_link/crt0.S.obj
                0x10000100                __vectors
                0x10000100                __VECTOR_TABLE
                0x100001c0                isr_invalid
                0x100001c0                __default_isrs_start
                0x100001c2                isr_nmi
                0x100001c4                isr_hardfault
                0x100001c6                isr_svcall
                0x100001c8                isr_pendsv
                0x100001ca                isr_systick
                0x100001cc                isr_irq30
                0x100001cc                __unhandled_user_irq
                0x100001cc                isr_irq13
                0x100001cc                isr_irq27
                0x100001cc                isr_irq31
                0x100001cc                isr_irq5
                0x100001cc                isr_irq11
                0x100001cc                isr_irq23
                0x100001cc                isr_irq18
                0x100001cc                isr_irq28
                0x100001cc                isr_irq19
                0x100001cc                isr_irq0
                0x100001cc                isr_irq6
                0x100001cc                isr_irq22
                0x100001cc                isr_irq17
                0x100001cc                isr_irq14
                0x100001cc                isr_irq2
                0x100001cc                isr_irq10
                0x100001cc                isr_irq8
                0x100001cc                isr_irq24
                0x100001cc                isr_irq1
                0x100001cc                isr_irq7
                0x100001cc                isr_irq21
                0x100001cc                isr_irq20
                0x100001cc                isr_irq15
                0x100001cc                isr_irq25
                0x100001cc                isr_irq4
                0x100001cc                isr_irq16
                0x100001cc                isr_irq29
                0x100001cc                isr_irq26
                0x100001cc                __default_isrs_end
                0x100001cc                isr_irq3
                0x100001cc                isr_irq12
                0x100001cc                isr_irq9
                0x100001d2                unhandled_user_irq_num_in_r0
 *(.binary_info_header)
 .binary_info_header
                0x100001d4       0x14 CMakeFiles/blink.dir/home/leon3/pico-sdk/src/rp2_common/pico_standard_link/crt0.S.obj
                0x100001e8                        __binary_info_header_end = .
 *(.reset)
 .reset         0x100001e8       0xa0 CMakeFiles/blink.dir/home/leon3/pico-sdk/src/rp2_common/pico_standard_link/crt0.S.obj
                0x100001e8                _entry_point
 .reset         0x10000288       0x30 CMakeFiles/blink.dir/home/leon3/pico-sdk/src/rp2_common/pico_standard_link/binary_info.c.obj
 *(.init)
 .init          0x100002b8        0x4 /usr/bin/../lib/gcc/arm-none-eabi/13.2.1/thumb/v6-m/nofp/crti.o
                0x100002b8                _init
 *(EXCLUDE_FILE(*libm.a: *libc.a:*lib_a-mem*.o *libgcc.a:) .text*)
 .text.register_tm_clones
                0x100002bc       0x28 /usr/bin/../lib/gcc/arm-none-eabi/13.2.1/thumb/v6-m/nofp/crtbegin.o
 .text.frame_dummy
                0x100002e4       0x24 /usr/bin/../lib/gcc/arm-none-eabi/13.2.1/thumb/v6-m/nofp/crtbegin.o
 .text.core1_main
                0x10000308       0x2c CMakeFiles/blink.dir/blink.c.obj
                0x10000308                core1_main
 .text.set_sys_clock_khz
                0x10000334       0x3c CMakeFiles/blink.dir/blink.c.obj
 .text.flash_LED
                0x10000370       0x1e CMakeFiles/blink.dir/blink.c.obj
                0x10000370                flash_LED
 *fill*         0x1000038e        0x2 
 .text.main     0x10000390      0x110 CMakeFiles/blink.dir/blink.c.obj
                0x10000390                main
 .text.set_sys_clock_pll
                0x100004a0       0x78 CMakeFiles/blink.dir/home/leon3/pico-sdk/src/rp2_common/pico_stdlib/stdlib.c.obj
                0x100004a0                set_sys_clock_pll
 .text.check_sys_clock_khz
                0x10000518       0xa4 CMakeFiles/blink.dir/home/leon3/pico-sdk/src/rp2_common/pico_stdlib/stdlib.c.obj
                0x10000518                check_sys_clock_khz
 .text.gpio_set_function
                0x100005bc       0x30 CMakeFiles/blink.dir/home/leon3/pico-sdk/src/rp2_common/hardware_gpio/gpio.c.obj
                0x100005bc                gpio_set_function
 .text.gpio_set_pulls
                0x100005ec       0x34 CMakeFiles/blink.dir/home/leon3/pico-sdk/src/rp2_common/hardware_gpio/gpio.c.obj
                0x100005ec                gpio_set_pulls
 .text.gpio_set_inover
                0x10000620       0x24 CMakeFiles/blink.dir/home/leon3/pico-sdk/src/rp2_common/hardware_gpio/gpio.c.obj
                0x10000620                gpio_set_inover
 .text.gpio_set_slew_rate
                0x10000644       0x20 CMakeFiles/blink.dir/home/leon3/pico-sdk/src/rp2_common/hardware_gpio/gpio.c.obj
                0x10000644                gpio_set_slew_rate
 .text.gpio_set_drive_strength
                0x10000664       0x20 CMakeFiles/blink.dir/home/leon3/pico-sdk/src/rp2_common/hardware_gpio/gpio.c.obj
                0x10000664                gpio_set_drive_strength
 .text.gpio_init
                0x10000684       0x16 CMakeFiles/blink.dir/home/leon3/pico-sdk/src/rp2_common/hardware_gpio/gpio.c.obj
                0x10000684                gpio_init
 *fill*         0x1000069a        0x2 
 .text.running_on_fpga
                0x1000069c       0x14 CMakeFiles/blink.dir/home/leon3/pico-sdk/src/rp2_common/pico_platform/platform.c.obj
                0x1000069c                running_on_fpga
 .text.hw_claim_lock
                0x100006b0       0x18 CMakeFiles/blink.dir/home/leon3/pico-sdk/src/rp2_common/hardware_claim/claim.c.obj
                0x100006b0                hw_claim_lock
 .text.hw_claim_unlock
                0x100006c8       0x14 CMakeFiles/blink.dir/home/leon3/pico-sdk/src/rp2_common/hardware_claim/claim.c.obj
                0x100006c8                hw_claim_unlock
 .text.hw_claim_or_assert
                0x100006dc       0x32 CMakeFiles/blink.dir/home/leon3/pico-sdk/src/rp2_common/hardware_claim/claim.c.obj
                0x100006dc                hw_claim_or_assert
 .text.hw_claim_unused_from_range
                0x1000070e       0x50 CMakeFiles/blink.dir/home/leon3/pico-sdk/src/rp2_common/hardware_claim/claim.c.obj
                0x1000070e                hw_claim_unused_from_range
 *fill*         0x1000075e        0x2 
 .text.spin_locks_reset
                0x10000760       0x20 CMakeFiles/blink.dir/home/leon3/pico-sdk/src/rp2_common/hardware_sync/sync.c.obj
                0x10000760                spin_locks_reset
 .text.next_striped_spin_lock_num
                0x10000780       0x1c CMakeFiles/blink.dir/home/leon3/pico-sdk/src/rp2_common/hardware_sync/sync.c.obj
                0x10000780                next_striped_spin_lock_num
 .text.spin_lock_claim_unused
                0x1000079c       0x24 CMakeFiles/blink.dir/home/leon3/pico-sdk/src/rp2_common/hardware_sync/sync.c.obj
                0x1000079c                spin_lock_claim_unused
 .text.set_raw_irq_handler_and_unlock
                0x100007c0       0x28 CMakeFiles/blink.dir/home/leon3/pico-sdk/src/rp2_common/hardware_irq/irq.c.obj
 .text.resolve_branch
                0x100007e8       0x30 CMakeFiles/blink.dir/home/leon3/pico-sdk/src/rp2_common/hardware_irq/irq.c.obj
 .text.make_branch
                0x10000818       0x48 CMakeFiles/blink.dir/home/leon3/pico-sdk/src/rp2_common/hardware_irq/irq.c.obj
 .text.insert_branch_and_link
                0x10000860       0x40 CMakeFiles/blink.dir/home/leon3/pico-sdk/src/rp2_common/hardware_irq/irq.c.obj
 .text.irq_is_enabled
                0x100008a0       0x18 CMakeFiles/blink.dir/home/leon3/pico-sdk/src/rp2_common/hardware_irq/irq.c.obj
                0x100008a0                irq_is_enabled
 .text.irq_set_mask_enabled
                0x100008b8       0x20 CMakeFiles/blink.dir/home/leon3/pico-sdk/src/rp2_common/hardware_irq/irq.c.obj
                0x100008b8                irq_set_mask_enabled
 .text.irq_set_enabled
                0x100008d8        0xe CMakeFiles/blink.dir/home/leon3/pico-sdk/src/rp2_common/hardware_irq/irq.c.obj
                0x100008d8                irq_set_enabled
 *fill*         0x100008e6        0x2 
 .text.irq_set_pending
                0x100008e8       0x10 CMakeFiles/blink.dir/home/leon3/pico-sdk/src/rp2_common/hardware_irq/irq.c.obj
                0x100008e8                irq_set_pending
 .text.irq_get_vtable_handler
                0x100008f8       0x10 CMakeFiles/blink.dir/home/leon3/pico-sdk/src/rp2_common/hardware_irq/irq.c.obj
                0x100008f8                irq_get_vtable_handler
 .text.irq_has_shared_handler
                0x10000908       0x24 CMakeFiles/blink.dir/home/leon3/pico-sdk/src/rp2_common/hardware_irq/irq.c.obj
                0x10000908                irq_has_shared_handler
 .text.irq_set_exclusive_handler
                0x1000092c       0x54 CMakeFiles/blink.dir/home/leon3/pico-sdk/src/rp2_common/hardware_irq/irq.c.obj
                0x1000092c                irq_set_exclusive_handler
 .text.irq_add_shared_handler
                0x10000980      0x210 CMakeFiles/blink.dir/home/leon3/pico-sdk/src/rp2_common/hardware_irq/irq.c.obj
                0x10000980                irq_add_shared_handler
 .text.irq_remove_handler
                0x10000b90      0x188 CMakeFiles/blink.dir/home/leon3/pico-sdk/src/rp2_common/hardware_irq/irq.c.obj
                0x10000b90                irq_remove_handler
 .text.irq_add_tail_to_free_list
                0x10000d18       0xf0 CMakeFiles/blink.dir/home/leon3/pico-sdk/src/rp2_common/hardware_irq/irq.c.obj
                0x10000d18                irq_add_tail_to_free_list
 .text.irq_init_priorities
                0x10000e08       0x1c CMakeFiles/blink.dir/home/leon3/pico-sdk/src/rp2_common/hardware_irq/irq.c.obj
                0x10000e08                irq_init_priorities
 .text.user_irq_claim_unused
                0x10000e24       0x2c CMakeFiles/blink.dir/home/leon3/pico-sdk/src/rp2_common/hardware_irq/irq.c.obj
                0x10000e24                user_irq_claim_unused
 .text.lock_init
                0x10000e50       0x10 CMakeFiles/blink.dir/home/leon3/pico-sdk/src/common/pico_sync/lock_core.c.obj
                0x10000e50                lock_init
 .text.update_us_since_boot
                0x10000e60       0x24 CMakeFiles/blink.dir/home/leon3/pico-sdk/src/common/pico_sync/mutex.c.obj
 .text.delayed_by_ms
                0x10000e84       0x44 CMakeFiles/blink.dir/home/leon3/pico-sdk/src/common/pico_sync/mutex.c.obj
 .text.get_absolute_time
                0x10000ec8       0x22 CMakeFiles/blink.dir/home/leon3/pico-sdk/src/common/pico_sync/mutex.c.obj
 .text.make_timeout_time_ms
                0x10000eea       0x20 CMakeFiles/blink.dir/home/leon3/pico-sdk/src/common/pico_sync/mutex.c.obj
 .text.mutex_init
                0x10000f0a       0x1a CMakeFiles/blink.dir/home/leon3/pico-sdk/src/common/pico_sync/mutex.c.obj
                0x10000f0a                mutex_init
 .text.recursive_mutex_init
                0x10000f24       0x1e CMakeFiles/blink.dir/home/leon3/pico-sdk/src/common/pico_sync/mutex.c.obj
                0x10000f24                recursive_mutex_init
 *fill*         0x10000f42        0x2 
 .text.critical_section_init_with_lock_num
                0x10000f44       0x14 CMakeFiles/blink.dir/home/leon3/pico-sdk/src/common/pico_sync/critical_section.c.obj
                0x10000f44                critical_section_init_with_lock_num
 .text.critical_section_init
                0x10000f58       0x14 CMakeFiles/blink.dir/home/leon3/pico-sdk/src/common/pico_sync/critical_section.c.obj
                0x10000f58                critical_section_init
 .text.time_reached
                0x10000f6c       0x28 CMakeFiles/blink.dir/home/leon3/pico-sdk/src/common/pico_time/time.c.obj
 .text.get_entry
                0x10000f94       0x38 CMakeFiles/blink.dir/home/leon3/pico-sdk/src/common/pico_time/time.c.obj
 .text.timer_pool_entry_comparator
                0x10000fcc       0x2e CMakeFiles/blink.dir/home/leon3/pico-sdk/src/common/pico_time/time.c.obj
                0x10000fcc                timer_pool_entry_comparator
 *fill*         0x10000ffa        0x2 
 .text.update_us_since_boot
                0x10000ffc       0x24 CMakeFiles/blink.dir/home/leon3/pico-sdk/src/common/pico_time/time.c.obj
 .text.delayed_by_us
                0x10001020       0x34 CMakeFiles/blink.dir/home/leon3/pico-sdk/src/common/pico_time/time.c.obj
 .text.ph_get_node
                0x10001054       0x30 CMakeFiles/blink.dir/home/leon3/pico-sdk/src/common/pico_time/time.c.obj
 .text.ph_contains_node
                0x10001084       0x1e CMakeFiles/blink.dir/home/leon3/pico-sdk/src/common/pico_time/time.c.obj
 .text.ph_new_node
                0x100010a2       0x28 CMakeFiles/blink.dir/home/leon3/pico-sdk/src/common/pico_time/time.c.obj
 *fill*         0x100010ca        0x2 
 .text.ph_add_child_node
                0x100010cc       0x6c CMakeFiles/blink.dir/home/leon3/pico-sdk/src/common/pico_time/time.c.obj
 .text.ph_merge_nodes
                0x10001138       0x3e CMakeFiles/blink.dir/home/leon3/pico-sdk/src/common/pico_time/time.c.obj
 *fill*         0x10001176        0x2 
 .text.ph_insert_node
                0x10001178       0x3c CMakeFiles/blink.dir/home/leon3/pico-sdk/src/common/pico_time/time.c.obj
 .text.ph_free_node
                0x100011b4       0x5c CMakeFiles/blink.dir/home/leon3/pico-sdk/src/common/pico_time/time.c.obj
 .text.get_entry_id_high
                0x10001210       0x30 CMakeFiles/blink.dir/home/leon3/pico-sdk/src/common/pico_time/time.c.obj
 .text.repeating_timer_callback
                0x10001240       0x40 CMakeFiles/blink.dir/home/leon3/pico-sdk/src/common/pico_time/time.c.obj
 .text.alarm_pool_post_alloc_init
                0x10001280       0x40 CMakeFiles/blink.dir/home/leon3/pico-sdk/src/common/pico_time/time.c.obj
 .text.sleep_until_callback
                0x100012c0       0x30 CMakeFiles/blink.dir/home/leon3/pico-sdk/src/common/pico_time/time.c.obj
 .text.get_absolute_time
                0x100012f0       0x22 CMakeFiles/blink.dir/home/leon3/pico-sdk/src/common/pico_time/time.c.obj
 .text.make_timeout_time_us
                0x10001312       0x24 CMakeFiles/blink.dir/home/leon3/pico-sdk/src/common/pico_time/time.c.obj
 *fill*         0x10001336        0x2 
 .text.add_alarm_under_lock
                0x10001338       0x94 CMakeFiles/blink.dir/home/leon3/pico-sdk/src/common/pico_time/time.c.obj
 .text.alarm_pool_alarm_callback
                0x100013cc      0x210 CMakeFiles/blink.dir/home/leon3/pico-sdk/src/common/pico_time/time.c.obj
 .text.alarm_pool_init_default
                0x100015dc       0x40 CMakeFiles/blink.dir/home/leon3/pico-sdk/src/common/pico_time/time.c.obj
                0x100015dc                alarm_pool_init_default
 .text.alarm_pool_get_default
                0x1000161c       0x2c CMakeFiles/blink.dir/home/leon3/pico-sdk/src/common/pico_time/time.c.obj
                0x1000161c                alarm_pool_get_default
 .text.alarm_pool_create
                0x10001648       0x44 CMakeFiles/blink.dir/home/leon3/pico-sdk/src/common/pico_time/time.c.obj
                0x10001648                alarm_pool_create
 .text.alarm_pool_add_alarm_at
                0x1000168c      0x10e CMakeFiles/blink.dir/home/leon3/pico-sdk/src/common/pico_time/time.c.obj
                0x1000168c                alarm_pool_add_alarm_at
 .text.add_alarm_at
                0x1000179a       0x2e CMakeFiles/blink.dir/home/leon3/pico-sdk/src/common/pico_time/time.c.obj
 .text.alarm_pool_cancel_alarm
                0x100017c8       0xa8 CMakeFiles/blink.dir/home/leon3/pico-sdk/src/common/pico_time/time.c.obj
                0x100017c8                alarm_pool_cancel_alarm
 .text.cancel_alarm
                0x10001870       0x10 CMakeFiles/blink.dir/home/leon3/pico-sdk/src/common/pico_time/time.c.obj
 .text.alarm_pool_core_num
                0x10001880        0x4 CMakeFiles/blink.dir/home/leon3/pico-sdk/src/common/pico_time/time.c.obj
                0x10001880                alarm_pool_core_num
 .text.alarm_pool_add_repeating_timer_us
                0x10001884       0x5c CMakeFiles/blink.dir/home/leon3/pico-sdk/src/common/pico_time/time.c.obj
                0x10001884                alarm_pool_add_repeating_timer_us
 .text.cancel_repeating_timer
                0x100018e0       0x1a CMakeFiles/blink.dir/home/leon3/pico-sdk/src/common/pico_time/time.c.obj
                0x100018e0                cancel_repeating_timer
 *fill*         0x100018fa        0x2 
 .text.sleep_until
                0x100018fc       0xb0 CMakeFiles/blink.dir/home/leon3/pico-sdk/src/common/pico_time/time.c.obj
                0x100018fc                sleep_until
 .text.sleep_us
                0x100019ac       0x1a CMakeFiles/blink.dir/home/leon3/pico-sdk/src/common/pico_time/time.c.obj
                0x100019ac                sleep_us
 .text.sleep_ms
                0x100019c6       0x14 CMakeFiles/blink.dir/home/leon3/pico-sdk/src/common/pico_time/time.c.obj
                0x100019c6                sleep_ms
 *fill*         0x100019da        0x2 
 .text.best_effort_wfe_or_timeout
                0x100019dc       0x44 CMakeFiles/blink.dir/home/leon3/pico-sdk/src/common/pico_time/time.c.obj
                0x100019dc                best_effort_wfe_or_timeout
 .text.update_us_since_boot
                0x10001a20       0x24 CMakeFiles/blink.dir/home/leon3/pico-sdk/src/rp2_common/hardware_timer/timer.c.obj
 .text.hardware_alarm_irq_handler
                0x10001a44       0x8c CMakeFiles/blink.dir/home/leon3/pico-sdk/src/rp2_common/hardware_timer/timer.c.obj
 .text.hardware_alarm_claim
                0x10001ad0       0x18 CMakeFiles/blink.dir/home/leon3/pico-sdk/src/rp2_common/hardware_timer/timer.c.obj
                0x10001ad0                hardware_alarm_claim
 .text.time_us_64
                0x10001ae8       0x18 CMakeFiles/blink.dir/home/leon3/pico-sdk/src/rp2_common/hardware_timer/timer.c.obj
                0x10001ae8                time_us_64
 .text.busy_wait_until
                0x10001b00       0x28 CMakeFiles/blink.dir/home/leon3/pico-sdk/src/rp2_common/hardware_timer/timer.c.obj
                0x10001b00                busy_wait_until
 .text.busy_wait_us
                0x10001b28       0x3a CMakeFiles/blink.dir/home/leon3/pico-sdk/src/rp2_common/hardware_timer/timer.c.obj
                0x10001b28                busy_wait_us
 *fill*         0x10001b62        0x2 
 .text.busy_wait_us_32
                0x10001b64       0x24 CMakeFiles/blink.dir/home/leon3/pico-sdk/src/rp2_common/hardware_timer/timer.c.obj
                0x10001b64                busy_wait_us_32
 .text.busy_wait_ms
                0x10001b88       0x30 CMakeFiles/blink.dir/home/leon3/pico-sdk/src/rp2_common/hardware_timer/timer.c.obj
                0x10001b88                busy_wait_ms
 .text.hardware_alarm_set_callback
                0x10001bb8       0x90 CMakeFiles/blink.dir/home/leon3/pico-sdk/src/rp2_common/hardware_timer/timer.c.obj
                0x10001bb8                hardware_alarm_set_callback
 .text.hardware_alarm_set_target
                0x10001c48       0xe8 CMakeFiles/blink.dir/home/leon3/pico-sdk/src/rp2_common/hardware_timer/timer.c.obj
                0x10001c48                hardware_alarm_set_target
 .text.hardware_alarm_cancel
                0x10001d30       0x40 CMakeFiles/blink.dir/home/leon3/pico-sdk/src/rp2_common/hardware_timer/timer.c.obj
                0x10001d30                hardware_alarm_cancel
 .text.ph_get_node
                0x10001d70       0x30 CMakeFiles/blink.dir/home/leon3/pico-sdk/src/common/pico_util/pheap.c.obj
 .text.ph_add_child_node
                0x10001da0       0x6c CMakeFiles/blink.dir/home/leon3/pico-sdk/src/common/pico_util/pheap.c.obj
 .text.ph_merge_nodes
                0x10001e0c       0x3e CMakeFiles/blink.dir/home/leon3/pico-sdk/src/common/pico_util/pheap.c.obj
 .text.ph_clear
                0x10001e4a       0x34 CMakeFiles/blink.dir/home/leon3/pico-sdk/src/common/pico_util/pheap.c.obj
                0x10001e4a                ph_clear
 .text.ph_post_alloc_init
                0x10001e7e        0xe CMakeFiles/blink.dir/home/leon3/pico-sdk/src/common/pico_util/pheap.c.obj
                0x10001e7e                ph_post_alloc_init
 .text.ph_create
                0x10001e8c       0x2c CMakeFiles/blink.dir/home/leon3/pico-sdk/src/common/pico_util/pheap.c.obj
                0x10001e8c                ph_create
 .text.ph_merge_two_pass
                0x10001eb8       0x5c CMakeFiles/blink.dir/home/leon3/pico-sdk/src/common/pico_util/pheap.c.obj
                0x10001eb8                ph_merge_two_pass
 .text.ph_remove_any_head
                0x10001f14       0xc0 CMakeFiles/blink.dir/home/leon3/pico-sdk/src/common/pico_util/pheap.c.obj
 .text.ph_remove_head
                0x10001fd4       0x14 CMakeFiles/blink.dir/home/leon3/pico-sdk/src/common/pico_util/pheap.c.obj
                0x10001fd4                ph_remove_head
 .text.ph_remove_and_free_node
                0x10001fe8       0xa0 CMakeFiles/blink.dir/home/leon3/pico-sdk/src/common/pico_util/pheap.c.obj
                0x10001fe8                ph_remove_and_free_node
 .text.uart_disable_before_lcr_write
                0x10002088       0x48 CMakeFiles/blink.dir/home/leon3/pico-sdk/src/rp2_common/hardware_uart/uart.c.obj
 .text.uart_write_lcr_bits_masked
                0x100020d0       0x22 CMakeFiles/blink.dir/home/leon3/pico-sdk/src/rp2_common/hardware_uart/uart.c.obj
 *fill*         0x100020f2        0x2 
 .text.uart_set_baudrate
                0x100020f4       0x5c CMakeFiles/blink.dir/home/leon3/pico-sdk/src/rp2_common/hardware_uart/uart.c.obj
                0x100020f4                uart_set_baudrate
 .text.uart_set_format
                0x10002150       0x2c CMakeFiles/blink.dir/home/leon3/pico-sdk/src/rp2_common/hardware_uart/uart.c.obj
                0x10002150                uart_set_format
 .text.uart_set_translate_crlf
                0x1000217c       0x28 CMakeFiles/blink.dir/home/leon3/pico-sdk/src/rp2_common/hardware_uart/uart.c.obj
                0x1000217c                uart_set_translate_crlf
 .text.uart_init
                0x100021a4       0x80 CMakeFiles/blink.dir/home/leon3/pico-sdk/src/rp2_common/hardware_uart/uart.c.obj
                0x100021a4                uart_init
 .text.clock_configure
                0x10002224      0x108 CMakeFiles/blink.dir/home/leon3/pico-sdk/src/rp2_common/hardware_clocks/clocks.c.obj
                0x10002224                clock_configure
 .text.clocks_init
                0x1000232c      0x100 CMakeFiles/blink.dir/home/leon3/pico-sdk/src/rp2_common/hardware_clocks/clocks.c.obj
                0x1000232c                clocks_init
 .text.clock_get_hz
                0x1000242c        0xc CMakeFiles/blink.dir/home/leon3/pico-sdk/src/rp2_common/hardware_clocks/clocks.c.obj
                0x1000242c                clock_get_hz
 .text.pll_init
                0x10002438      0x120 CMakeFiles/blink.dir/home/leon3/pico-sdk/src/rp2_common/hardware_pll/pll.c.obj
                0x10002438                pll_init
 .text.watchdog_start_tick
                0x10002558       0x10 CMakeFiles/blink.dir/home/leon3/pico-sdk/src/rp2_common/hardware_watchdog/watchdog.c.obj
                0x10002558                watchdog_start_tick
 .text.watchdog_update
                0x10002568       0x14 CMakeFiles/blink.dir/home/leon3/pico-sdk/src/rp2_common/hardware_watchdog/watchdog.c.obj
                0x10002568                watchdog_update
 .text._watchdog_enable
                0x1000257c       0x78 CMakeFiles/blink.dir/home/leon3/pico-sdk/src/rp2_common/hardware_watchdog/watchdog.c.obj
                0x1000257c                _watchdog_enable
 .text.watchdog_reboot
                0x100025f4       0x48 CMakeFiles/blink.dir/home/leon3/pico-sdk/src/rp2_common/hardware_watchdog/watchdog.c.obj
                0x100025f4                watchdog_reboot
 .text.xosc_init
                0x1000263c       0x2c CMakeFiles/blink.dir/home/leon3/pico-sdk/src/rp2_common/hardware_xosc/xosc.c.obj
                0x1000263c                xosc_init
 .text._exit    0x10002668        0x4 CMakeFiles/blink.dir/home/leon3/pico-sdk/src/rp2_common/pico_runtime/runtime.c.obj
                0x10002668                _exit
 .text._sbrk    0x1000266c       0x38 CMakeFiles/blink.dir/home/leon3/pico-sdk/src/rp2_common/pico_runtime/runtime.c.obj
                0x1000266c                _sbrk
 .text.exit     0x100026a4        0x6 CMakeFiles/blink.dir/home/leon3/pico-sdk/src/rp2_common/pico_runtime/runtime.c.obj
                0x100026a4                exit
 *fill*         0x100026aa        0x2 
 .text.__assert_func
                0x100026ac       0x38 CMakeFiles/blink.dir/home/leon3/pico-sdk/src/rp2_common/pico_runtime/runtime.c.obj
                0x100026ac                __assert_func
 .text.runtime_init
                0x100026e4       0xf8 CMakeFiles/blink.dir/home/leon3/pico-sdk/src/rp2_common/pico_runtime/runtime.c.obj
                0x100026e4                runtime_init
 .text.panic    0x100027dc       0x30 CMakeFiles/blink.dir/home/leon3/pico-sdk/src/rp2_common/pico_runtime/runtime.c.obj
                0x100027dc                panic
 .text._out_null
                0x1000280c        0x2 CMakeFiles/blink.dir/home/leon3/pico-sdk/src/rp2_common/pico_printf/printf.c.obj
 .text._out_fct
                0x1000280e        0xe CMakeFiles/blink.dir/home/leon3/pico-sdk/src/rp2_common/pico_printf/printf.c.obj
 .text._atoi    0x1000281c       0x24 CMakeFiles/blink.dir/home/leon3/pico-sdk/src/rp2_common/pico_printf/printf.c.obj
 .text._out_rev
                0x10002840       0xae CMakeFiles/blink.dir/home/leon3/pico-sdk/src/rp2_common/pico_printf/printf.c.obj
 .text._ntoa_format
                0x100028ee      0x110 CMakeFiles/blink.dir/home/leon3/pico-sdk/src/rp2_common/pico_printf/printf.c.obj
 .text._ntoa_long
                0x100029fe       0xbc CMakeFiles/blink.dir/home/leon3/pico-sdk/src/rp2_common/pico_printf/printf.c.obj
 .text._ntoa_long_long
                0x10002aba      0x10e CMakeFiles/blink.dir/home/leon3/pico-sdk/src/rp2_common/pico_printf/printf.c.obj
 .text._etoa    0x10002bc8      0x420 CMakeFiles/blink.dir/home/leon3/pico-sdk/src/rp2_common/pico_printf/printf.c.obj
 .text._ftoa    0x10002fe8      0x354 CMakeFiles/blink.dir/home/leon3/pico-sdk/src/rp2_common/pico_printf/printf.c.obj
 .text._vsnprintf
                0x1000333c      0x668 CMakeFiles/blink.dir/home/leon3/pico-sdk/src/rp2_common/pico_printf/printf.c.obj
 .text.vfctprintf
                0x100039a4       0x20 CMakeFiles/blink.dir/home/leon3/pico-sdk/src/rp2_common/pico_printf/printf.c.obj
                0x100039a4                vfctprintf
 .text          0x100039c4       0x10 CMakeFiles/blink.dir/home/leon3/pico-sdk/src/rp2_common/pico_bit_ops/bit_ops_aeabi.S.obj
 .text.ctzsi    0x100039d4        0xc CMakeFiles/blink.dir/home/leon3/pico-sdk/src/rp2_common/pico_bit_ops/bit_ops_aeabi.S.obj
                0x100039d4                __wrap___ctzsi2
 .text.rom_func_lookup
                0x100039e0       0x10 CMakeFiles/blink.dir/home/leon3/pico-sdk/src/rp2_common/pico_bootrom/bootrom.c.obj
                0x100039e0                rom_func_lookup
 .text.rom_data_lookup
                0x100039f0       0x10 CMakeFiles/blink.dir/home/leon3/pico-sdk/src/rp2_common/pico_bootrom/bootrom.c.obj
                0x100039f0                rom_data_lookup
 .text.rom_funcs_lookup
                0x10003a00       0x36 CMakeFiles/blink.dir/home/leon3/pico-sdk/src/rp2_common/pico_bootrom/bootrom.c.obj
                0x10003a00                rom_funcs_lookup
 *fill*         0x10003a36        0x2 
 .text.__wrap___aeabi_idiv
                0x10003a38       0x50 CMakeFiles/blink.dir/home/leon3/pico-sdk/src/rp2_common/pico_divider/divider.S.obj
                0x10003a38                __wrap___aeabi_idivmod
                0x10003a38                divmod_s32s32
                0x10003a38                div_s32s32
                0x10003a38                __wrap___aeabi_idiv
                0x10003a40                divmod_s32s32_unsafe
                0x10003a6c                divmod_s32s32_savestate
 .text.__wrap___aeabi_uidiv
                0x10003a88       0x4c CMakeFiles/blink.dir/home/leon3/pico-sdk/src/rp2_common/pico_divider/divider.S.obj
                0x10003a88                __wrap___aeabi_uidiv
                0x10003a88                __wrap___aeabi_uidivmod
                0x10003a88                div_u32u32
                0x10003a88                divmod_u32u32
                0x10003a90                divmod_u32u32_unsafe
                0x10003ab8                divmod_u32u32_savestate
 .text.__wrap___aeabi_ldiv
                0x10003ad4      0x424 CMakeFiles/blink.dir/home/leon3/pico-sdk/src/rp2_common/pico_divider/divider.S.obj
                0x10003ad4                div_s64s64
                0x10003ad4                divmod_s64s64
                0x10003ad4                __wrap___aeabi_ldivmod
                0x10003b04                div_u64u64
                0x10003b04                divmod_u64u64
                0x10003b04                __wrap___aeabi_uldivmod
                0x10003b14                divmod_u64u64_savestate
                0x10003b34                divmod_s64s64_unsafe
                0x10003bbc                divmod_u64u64_unsafe
 .text.__wrap___aeabi_darithmetic
                0x10003ef8       0x60 CMakeFiles/blink.dir/home/leon3/pico-sdk/src/rp2_common/pico_double/double_aeabi.S.obj
                0x10003ef8                __wrap___aeabi_drsub
                0x10003efe                __wrap___aeabi_dsub
                0x10003f08                __wrap___aeabi_dadd
                0x10003f12                __wrap___aeabi_ddiv
                0x10003f46                __wrap___aeabi_dmul
 .text.__wrap___aeabi_cdcmple
                0x10003f58       0x6c CMakeFiles/blink.dir/home/leon3/pico-sdk/src/rp2_common/pico_double/double_aeabi.S.obj
                0x10003f58                __wrap___aeabi_cdrcmple
                0x10003f68                __wrap___aeabi_cdcmple
                0x10003f68                __wrap___aeabi_cdcmpeq
 .text.__wrap___aeabi_dcmplt
                0x10003fc4        0xc CMakeFiles/blink.dir/home/leon3/pico-sdk/src/rp2_common/pico_double/double_aeabi.S.obj
                0x10003fc4                __wrap___aeabi_dcmplt
 .text.__wrap___aeabi_dcmple
                0x10003fd0       0x10 CMakeFiles/blink.dir/home/leon3/pico-sdk/src/rp2_common/pico_double/double_aeabi.S.obj
                0x10003fd0                __wrap___aeabi_dcmple
 .text.__wrap___aeabi_dcmpge
                0x10003fe0       0x10 CMakeFiles/blink.dir/home/leon3/pico-sdk/src/rp2_common/pico_double/double_aeabi.S.obj
                0x10003fe0                __wrap___aeabi_dcmpge
 .text.__wrap___aeabi_dcmpgt
                0x10003ff0        0xa CMakeFiles/blink.dir/home/leon3/pico-sdk/src/rp2_common/pico_double/double_aeabi.S.obj
                0x10003ff0                __wrap___aeabi_dcmpgt
 .text.__wrap___aeabi_dcmpun
                0x10003ffa       0x1c CMakeFiles/blink.dir/home/leon3/pico-sdk/src/rp2_common/pico_double/double_aeabi.S.obj
                0x10003ffa                __wrap___aeabi_dcmpun
 *fill*         0x10004016        0x2 
 .text.__wrap___aeabi_i2d
                0x10004018       0x38 CMakeFiles/blink.dir/home/leon3/pico-sdk/src/rp2_common/pico_double/double_aeabi.S.obj
                0x10004018                __wrap___aeabi_ui2d
                0x10004020                __wrap___aeabi_i2d
 .text.__wrap___aeabi_d2iz
                0x10004050       0x48 CMakeFiles/blink.dir/home/leon3/pico-sdk/src/rp2_common/pico_double/double_aeabi.S.obj
                0x10004050                __wrap___aeabi_d2iz
                0x10004050                double2int_z
 .text.__wrap___aeabi_d2uiz
                0x10004098       0x10 CMakeFiles/blink.dir/home/leon3/pico-sdk/src/rp2_common/pico_double/double_aeabi.S.obj
                0x10004098                double2uint
                0x10004098                __wrap___aeabi_d2uiz
 .text.missing_double_func_shim
                0x100040a8        0xc CMakeFiles/blink.dir/home/leon3/pico-sdk/src/rp2_common/pico_double/double_init_rom.c.obj
 .text.__aeabi_double_init
                0x100040b4       0xd0 CMakeFiles/blink.dir/home/leon3/pico-sdk/src/rp2_common/pico_double/double_init_rom.c.obj
                0x100040b4                __aeabi_double_init
 .text.double_table_shim_on_use_helper
                0x10004184       0x34 CMakeFiles/blink.dir/home/leon3/pico-sdk/src/rp2_common/pico_double/double_v1_rom_shim.S.obj
                0x10004184                double_table_shim_on_use_helper
 .text.__aeabi_lmul
                0x100041b8       0x32 CMakeFiles/blink.dir/home/leon3/pico-sdk/src/rp2_common/pico_int64_ops/pico_int64_ops_aeabi.S.obj
                0x100041b8                __wrap___aeabi_lmul
 *fill*         0x100041ea        0x2 
 .text.__wrap___aeabi_farithmetic
                0x100041ec       0x48 CMakeFiles/blink.dir/home/leon3/pico-sdk/src/rp2_common/pico_float/float_aeabi.S.obj
                0x100041ec                __wrap___aeabi_frsub
                0x100041f2                __wrap___aeabi_fsub
                0x100041f8                __wrap___aeabi_fadd
                0x100041fe                __wrap___aeabi_fdiv
                0x10004226                __wrap___aeabi_fmul
 .text.__wrap___aeabi_ui2f
                0x10004234        0xa CMakeFiles/blink.dir/home/leon3/pico-sdk/src/rp2_common/pico_float/float_aeabi.S.obj
                0x10004234                __wrap___aeabi_ui2f
 *fill*         0x1000423e        0x2 
 .text.__wrap___aeabi_i2f
                0x10004240       0x44 CMakeFiles/blink.dir/home/leon3/pico-sdk/src/rp2_common/pico_float/float_aeabi.S.obj
                0x10004240                __wrap___aeabi_i2f
 .text.__wrap___aeabi_f2uiz
                0x10004284        0xc CMakeFiles/blink.dir/home/leon3/pico-sdk/src/rp2_common/pico_float/float_aeabi.S.obj
                0x10004284                __wrap___aeabi_f2uiz
 .text.missing_float_func_shim
                0x10004290        0xc CMakeFiles/blink.dir/home/leon3/pico-sdk/src/rp2_common/pico_float/float_init_rom.c.obj
 .text.__aeabi_float_init
                0x1000429c       0x88 CMakeFiles/blink.dir/home/leon3/pico-sdk/src/rp2_common/pico_float/float_init_rom.c.obj
                0x1000429c                __aeabi_float_init
 .text.check_alloc
                0x10004324       0x20 CMakeFiles/blink.dir/home/leon3/pico-sdk/src/rp2_common/pico_malloc/pico_malloc.c.obj
 .text.__wrap_malloc
                0x10004344       0x2c CMakeFiles/blink.dir/home/leon3/pico-sdk/src/rp2_common/pico_malloc/pico_malloc.c.obj
                0x10004344                __wrap_malloc
 .text.__wrap_calloc
                0x10004370       0x30 CMakeFiles/blink.dir/home/leon3/pico-sdk/src/rp2_common/pico_malloc/pico_malloc.c.obj
                0x10004370                __wrap_calloc
 .text          0x100043a0       0x10 CMakeFiles/blink.dir/home/leon3/pico-sdk/src/rp2_common/pico_mem_ops/mem_ops_aeabi.S.obj
                0x100043a0                __aeabi_mem_init
 .text.memset   0x100043b0        0xc CMakeFiles/blink.dir/home/leon3/pico-sdk/src/rp2_common/pico_mem_ops/mem_ops_aeabi.S.obj
                0x100043b0                __wrap_memset
 .text.memcpy   0x100043bc        0xc CMakeFiles/blink.dir/home/leon3/pico-sdk/src/rp2_common/pico_mem_ops/mem_ops_aeabi.S.obj
                0x100043bc                __wrap___aeabi_memcpy
                0x100043bc                __wrap_memcpy
 .text.stdio_out_chars_no_crlf
                0x100043c8        0xe CMakeFiles/blink.dir/home/leon3/pico-sdk/src/rp2_common/pico_stdio/stdio.c.obj
 *fill*         0x100043d6        0x2 
 .text.stdio_out_chars_crlf
                0x100043d8       0x80 CMakeFiles/blink.dir/home/leon3/pico-sdk/src/rp2_common/pico_stdio/stdio.c.obj
 .text.stdio_stack_buffer_flush
                0x10004458       0x44 CMakeFiles/blink.dir/home/leon3/pico-sdk/src/rp2_common/pico_stdio/stdio.c.obj
 .text.stdio_buffered_printer
                0x1000449c       0x20 CMakeFiles/blink.dir/home/leon3/pico-sdk/src/rp2_common/pico_stdio/stdio.c.obj
 .text.update_us_since_boot
                0x100044bc       0x24 CMakeFiles/blink.dir/home/leon3/pico-sdk/src/rp2_common/pico_stdio/stdio.c.obj
 .text.get_absolute_time
                0x100044e0       0x22 CMakeFiles/blink.dir/home/leon3/pico-sdk/src/rp2_common/pico_stdio/stdio.c.obj
 *fill*         0x10004502        0x2 
 .text.delayed_by_ms
                0x10004504       0x44 CMakeFiles/blink.dir/home/leon3/pico-sdk/src/rp2_common/pico_stdio/stdio.c.obj
 .text.make_timeout_time_ms
                0x10004548       0x20 CMakeFiles/blink.dir/home/leon3/pico-sdk/src/rp2_common/pico_stdio/stdio.c.obj
 .text.stdout_serialize_begin
                0x10004568       0x20 CMakeFiles/blink.dir/home/leon3/pico-sdk/src/rp2_common/pico_stdio/stdio.c.obj
                0x10004568                stdout_serialize_begin
 .text.stdout_serialize_end
                0x10004588       0x10 CMakeFiles/blink.dir/home/leon3/pico-sdk/src/rp2_common/pico_stdio/stdio.c.obj
                0x10004588                stdout_serialize_end
 .text.stdio_put_string
                0x10004598       0x98 CMakeFiles/blink.dir/home/leon3/pico-sdk/src/rp2_common/pico_stdio/stdio.c.obj
 .text.__wrap_putchar
                0x10004630       0x1c CMakeFiles/blink.dir/home/leon3/pico-sdk/src/rp2_common/pico_stdio/stdio.c.obj
                0x10004630                __wrap_putchar
 .text.stdio_set_driver_enabled
                0x1000464c       0x2c CMakeFiles/blink.dir/home/leon3/pico-sdk/src/rp2_common/pico_stdio/stdio.c.obj
                0x1000464c                stdio_set_driver_enabled
 .text.stdio_flush
                0x10004678       0x20 CMakeFiles/blink.dir/home/leon3/pico-sdk/src/rp2_common/pico_stdio/stdio.c.obj
                0x10004678                stdio_flush
 .text.__wrap_puts
                0x10004698       0x1e CMakeFiles/blink.dir/home/leon3/pico-sdk/src/rp2_common/pico_stdio/stdio.c.obj
                0x10004698                __wrap_puts
 *fill*         0x100046b6        0x2 
 .text.__wrap_vprintf
                0x100046b8       0x40 CMakeFiles/blink.dir/home/leon3/pico-sdk/src/rp2_common/pico_stdio/stdio.c.obj
                0x100046b8                __wrap_vprintf
 .text.__wrap_printf
                0x100046f8       0x18 CMakeFiles/blink.dir/home/leon3/pico-sdk/src/rp2_common/pico_stdio/stdio.c.obj
                0x100046f8                __wrap_printf
 .text.stdio_init_all
                0x10004710        0xe CMakeFiles/blink.dir/home/leon3/pico-sdk/src/rp2_common/pico_stdio/stdio.c.obj
                0x10004710                stdio_init_all
 *fill*         0x1000471e        0x2 
 .text.uart_putc
                0x10004720       0x60 CMakeFiles/blink.dir/home/leon3/pico-sdk/src/rp2_common/pico_stdio_uart/stdio_uart.c.obj
 .text.uart_getc
                0x10004780       0x24 CMakeFiles/blink.dir/home/leon3/pico-sdk/src/rp2_common/pico_stdio_uart/stdio_uart.c.obj
 .text.stdio_uart_out_chars
                0x100047a4       0x20 CMakeFiles/blink.dir/home/leon3/pico-sdk/src/rp2_common/pico_stdio_uart/stdio_uart.c.obj
 .text.stdio_uart_in_chars
                0x100047c4       0x5c CMakeFiles/blink.dir/home/leon3/pico-sdk/src/rp2_common/pico_stdio_uart/stdio_uart.c.obj
                0x100047c4                stdio_uart_in_chars
 .text.on_uart_rx
                0x10004820       0x28 CMakeFiles/blink.dir/home/leon3/pico-sdk/src/rp2_common/pico_stdio_uart/stdio_uart.c.obj
 .text.stdio_uart_set_chars_available_callback
                0x10004848       0x8c CMakeFiles/blink.dir/home/leon3/pico-sdk/src/rp2_common/pico_stdio_uart/stdio_uart.c.obj
 .text.stdio_uart_init_full
                0x100048d4       0x44 CMakeFiles/blink.dir/home/leon3/pico-sdk/src/rp2_common/pico_stdio_uart/stdio_uart.c.obj
                0x100048d4                stdio_uart_init_full
 .text.stdio_uart_init
                0x10004918       0x28 CMakeFiles/blink.dir/home/leon3/pico-sdk/src/rp2_common/pico_stdio_uart/stdio_uart.c.obj
                0x10004918                stdio_uart_init
 .text.resetd_init
                0x10004940        0x2 CMakeFiles/blink.dir/home/leon3/pico-sdk/src/rp2_common/pico_stdio_usb/reset_interface.c.obj
 *fill*         0x10004942        0x2 
 .text.resetd_reset
                0x10004944        0xc CMakeFiles/blink.dir/home/leon3/pico-sdk/src/rp2_common/pico_stdio_usb/reset_interface.c.obj
 .text.resetd_open
                0x10004950       0x34 CMakeFiles/blink.dir/home/leon3/pico-sdk/src/rp2_common/pico_stdio_usb/reset_interface.c.obj
 .text.resetd_xfer_cb
                0x10004984        0x4 CMakeFiles/blink.dir/home/leon3/pico-sdk/src/rp2_common/pico_stdio_usb/reset_interface.c.obj
 .text.reset_usb_boot
                0x10004988       0x18 CMakeFiles/blink.dir/home/leon3/pico-sdk/src/rp2_common/pico_stdio_usb/reset_interface.c.obj
 .text.resetd_control_xfer_cb
                0x100049a0       0x5c CMakeFiles/blink.dir/home/leon3/pico-sdk/src/rp2_common/pico_stdio_usb/reset_interface.c.obj
 .text.usbd_app_driver_get_cb
                0x100049fc        0xc CMakeFiles/blink.dir/home/leon3/pico-sdk/src/rp2_common/pico_stdio_usb/reset_interface.c.obj
                0x100049fc                usbd_app_driver_get_cb
 .text.tud_cdc_line_coding_cb
                0x10004a08       0x28 CMakeFiles/blink.dir/home/leon3/pico-sdk/src/rp2_common/pico_stdio_usb/reset_interface.c.obj
                0x10004a08                tud_cdc_line_coding_cb
 .text.stdio_usb_set_chars_available_callback
                0x10004a30       0x14 CMakeFiles/blink.dir/home/leon3/pico-sdk/src/rp2_common/pico_stdio_usb/stdio_usb.c.obj
                0x10004a30                stdio_usb_set_chars_available_callback
 .text.update_us_since_boot
                0x10004a44       0x24 CMakeFiles/blink.dir/home/leon3/pico-sdk/src/rp2_common/pico_stdio_usb/stdio_usb.c.obj
 .text.get_absolute_time
                0x10004a68       0x22 CMakeFiles/blink.dir/home/leon3/pico-sdk/src/rp2_common/pico_stdio_usb/stdio_usb.c.obj
 *fill*         0x10004a8a        0x2 
 .text.delayed_by_ms
                0x10004a8c       0x44 CMakeFiles/blink.dir/home/leon3/pico-sdk/src/rp2_common/pico_stdio_usb/stdio_usb.c.obj
 .text.make_timeout_time_ms
                0x10004ad0       0x20 CMakeFiles/blink.dir/home/leon3/pico-sdk/src/rp2_common/pico_stdio_usb/stdio_usb.c.obj
 .text.delayed_by_us
                0x10004af0       0x34 CMakeFiles/blink.dir/home/leon3/pico-sdk/src/rp2_common/pico_stdio_usb/stdio_usb.c.obj
 .text.usb_irq  0x10004b24       0x10 CMakeFiles/blink.dir/home/leon3/pico-sdk/src/rp2_common/pico_stdio_usb/stdio_usb.c.obj
 .text.critical_section_enter_blocking
                0x10004b34       0x16 CMakeFiles/blink.dir/home/leon3/pico-sdk/src/rp2_common/pico_stdio_usb/stdio_usb.c.obj
 *fill*         0x10004b4a        0x2 
 .text.timer_task
                0x10004b4c       0x4c CMakeFiles/blink.dir/home/leon3/pico-sdk/src/rp2_common/pico_stdio_usb/stdio_usb.c.obj
 .text.alarm_pool_add_alarm_in_us
                0x10004b98       0x3a CMakeFiles/blink.dir/home/leon3/pico-sdk/src/rp2_common/pico_stdio_usb/stdio_usb.c.obj
 .text.add_alarm_in_us
                0x10004bd2       0x2e CMakeFiles/blink.dir/home/leon3/pico-sdk/src/rp2_common/pico_stdio_usb/stdio_usb.c.obj
 .text.low_priority_worker_irq
                0x10004c00       0x7c CMakeFiles/blink.dir/home/leon3/pico-sdk/src/rp2_common/pico_stdio_usb/stdio_usb.c.obj
 .text.tud_cdc_rx_cb
                0x10004c7c       0x20 CMakeFiles/blink.dir/home/leon3/pico-sdk/src/rp2_common/pico_stdio_usb/stdio_usb.c.obj
                0x10004c7c                tud_cdc_rx_cb
 .text.stdio_usb_init
                0x10004c9c       0xd0 CMakeFiles/blink.dir/home/leon3/pico-sdk/src/rp2_common/pico_stdio_usb/stdio_usb.c.obj
                0x10004c9c                stdio_usb_init
 .text.stdio_usb_connected
                0x10004d6c        0xa CMakeFiles/blink.dir/home/leon3/pico-sdk/src/rp2_common/pico_stdio_usb/stdio_usb.c.obj
                0x10004d6c                stdio_usb_connected
 *fill*         0x10004d76        0x2 
 .text.stdio_usb_in_chars
                0x10004d78       0x88 CMakeFiles/blink.dir/home/leon3/pico-sdk/src/rp2_common/pico_stdio_usb/stdio_usb.c.obj
                0x10004d78                stdio_usb_in_chars
 .text.stdio_usb_out_chars
                0x10004e00       0xd8 CMakeFiles/blink.dir/home/leon3/pico-sdk/src/rp2_common/pico_stdio_usb/stdio_usb.c.obj
 .text.tud_descriptor_device_cb
                0x10004ed8        0x8 CMakeFiles/blink.dir/home/leon3/pico-sdk/src/rp2_common/pico_stdio_usb/stdio_usb_descriptors.c.obj
                0x10004ed8                tud_descriptor_device_cb
 .text.tud_descriptor_configuration_cb
                0x10004ee0        0x8 CMakeFiles/blink.dir/home/leon3/pico-sdk/src/rp2_common/pico_stdio_usb/stdio_usb_descriptors.c.obj
                0x10004ee0                tud_descriptor_configuration_cb
 .text.tud_descriptor_string_cb
                0x10004ee8       0x6c CMakeFiles/blink.dir/home/leon3/pico-sdk/src/rp2_common/pico_stdio_usb/stdio_usb_descriptors.c.obj
                0x10004ee8                tud_descriptor_string_cb
 .text._retrieve_unique_id_on_boot
                0x10004f54       0x10 CMakeFiles/blink.dir/home/leon3/pico-sdk/src/rp2_common/pico_unique_id/unique_id.c.obj
 .text.pico_get_unique_board_id_string
                0x10004f64       0x5c CMakeFiles/blink.dir/home/leon3/pico-sdk/src/rp2_common/pico_unique_id/unique_id.c.obj
                0x10004f64                pico_get_unique_board_id_string
 .text.flash_get_unique_id
                0x10004fc0       0x40 CMakeFiles/blink.dir/home/leon3/pico-sdk/src/rp2_common/hardware_flash/flash.c.obj
                0x10004fc0                flash_get_unique_id
 .text.hw_endpoint_get_by_addr
                0x10005000       0x18 CMakeFiles/blink.dir/home/leon3/pico-sdk/lib/tinyusb/src/portable/raspberrypi/rp2040/dcd_rp2040.c.obj
 .text._hw_endpoint_alloc
                0x10005018       0x70 CMakeFiles/blink.dir/home/leon3/pico-sdk/lib/tinyusb/src/portable/raspberrypi/rp2040/dcd_rp2040.c.obj
 .text.hw_endpoint_init
                0x10005088       0x88 CMakeFiles/blink.dir/home/leon3/pico-sdk/lib/tinyusb/src/portable/raspberrypi/rp2040/dcd_rp2040.c.obj
 .text.dcd_event_sof
                0x10005110       0x2c CMakeFiles/blink.dir/home/leon3/pico-sdk/lib/tinyusb/src/portable/raspberrypi/rp2040/dcd_rp2040.c.obj
 .text.hw_endpoint_xfer
                0x1000513c       0x14 CMakeFiles/blink.dir/home/leon3/pico-sdk/lib/tinyusb/src/portable/raspberrypi/rp2040/dcd_rp2040.c.obj
 .text.dcd_int_enable
                0x10005150       0x2c CMakeFiles/blink.dir/home/leon3/pico-sdk/lib/tinyusb/src/portable/raspberrypi/rp2040/dcd_rp2040.c.obj
                0x10005150                dcd_int_enable
 .text.dcd_set_address
                0x1000517c       0x2c CMakeFiles/blink.dir/home/leon3/pico-sdk/lib/tinyusb/src/portable/raspberrypi/rp2040/dcd_rp2040.c.obj
                0x1000517c                dcd_set_address
 .text.dcd_connect
                0x100051a8       0x10 CMakeFiles/blink.dir/home/leon3/pico-sdk/lib/tinyusb/src/portable/raspberrypi/rp2040/dcd_rp2040.c.obj
                0x100051a8                dcd_connect
 .text.dcd_init
                0x100051b8       0x80 CMakeFiles/blink.dir/home/leon3/pico-sdk/lib/tinyusb/src/portable/raspberrypi/rp2040/dcd_rp2040.c.obj
                0x100051b8                dcd_init
 .text.dcd_edpt0_status_complete
                0x10005238       0x1c CMakeFiles/blink.dir/home/leon3/pico-sdk/lib/tinyusb/src/portable/raspberrypi/rp2040/dcd_rp2040.c.obj
                0x10005238                dcd_edpt0_status_complete
 .text.dcd_edpt_open
                0x10005254       0x40 CMakeFiles/blink.dir/home/leon3/pico-sdk/lib/tinyusb/src/portable/raspberrypi/rp2040/dcd_rp2040.c.obj
                0x10005254                dcd_edpt_open
 .text.dcd_edpt_close_all
                0x10005294        0x8 CMakeFiles/blink.dir/home/leon3/pico-sdk/lib/tinyusb/src/portable/raspberrypi/rp2040/dcd_rp2040.c.obj
                0x10005294                dcd_edpt_close_all
 .text.dcd_edpt_xfer
                0x1000529c       0x34 CMakeFiles/blink.dir/home/leon3/pico-sdk/lib/tinyusb/src/portable/raspberrypi/rp2040/dcd_rp2040.c.obj
                0x1000529c                dcd_edpt_xfer
 .text.dcd_edpt_stall
                0x100052d0       0x2c CMakeFiles/blink.dir/home/leon3/pico-sdk/lib/tinyusb/src/portable/raspberrypi/rp2040/dcd_rp2040.c.obj
                0x100052d0                dcd_edpt_stall
 .text.dcd_edpt_clear_stall
                0x100052fc       0x20 CMakeFiles/blink.dir/home/leon3/pico-sdk/lib/tinyusb/src/portable/raspberrypi/rp2040/dcd_rp2040.c.obj
                0x100052fc                dcd_edpt_clear_stall
 .text.rp2040_usb_init
                0x1000531c       0x4c CMakeFiles/blink.dir/home/leon3/pico-sdk/lib/tinyusb/src/portable/raspberrypi/rp2040/rp2040_usb.c.obj
                0x1000531c                rp2040_usb_init
 .text.hw_endpoint_xfer_start
                0x10005368       0x50 CMakeFiles/blink.dir/home/leon3/pico-sdk/lib/tinyusb/src/portable/raspberrypi/rp2040/rp2040_usb.c.obj
                0x10005368                hw_endpoint_xfer_start
 .text.configuration_reset
                0x100053b8       0x84 CMakeFiles/blink.dir/home/leon3/pico-sdk/lib/tinyusb/src/device/usbd.c.obj
 .text.critical_section_enter_blocking
                0x1000543c       0x16 CMakeFiles/blink.dir/home/leon3/pico-sdk/lib/tinyusb/src/device/usbd.c.obj
 .text.usbd_reset
                0x10005452        0xc CMakeFiles/blink.dir/home/leon3/pico-sdk/lib/tinyusb/src/device/usbd.c.obj
 .text.invoke_class_control
                0x1000545e       0x1a CMakeFiles/blink.dir/home/leon3/pico-sdk/lib/tinyusb/src/device/usbd.c.obj
 .text.process_set_config
                0x10005478      0x178 CMakeFiles/blink.dir/home/leon3/pico-sdk/lib/tinyusb/src/device/usbd.c.obj
 .text.process_get_descriptor
                0x100055f0       0xdc CMakeFiles/blink.dir/home/leon3/pico-sdk/lib/tinyusb/src/device/usbd.c.obj
 .text.tud_mounted
                0x100056cc       0x10 CMakeFiles/blink.dir/home/leon3/pico-sdk/lib/tinyusb/src/device/usbd.c.obj
                0x100056cc                tud_mounted
 .text.tud_suspended
                0x100056dc       0x10 CMakeFiles/blink.dir/home/leon3/pico-sdk/lib/tinyusb/src/device/usbd.c.obj
                0x100056dc                tud_suspended
 .text.tud_inited
                0x100056ec       0x14 CMakeFiles/blink.dir/home/leon3/pico-sdk/lib/tinyusb/src/device/usbd.c.obj
                0x100056ec                tud_inited
 .text.tud_init
                0x10005700       0xcc CMakeFiles/blink.dir/home/leon3/pico-sdk/lib/tinyusb/src/device/usbd.c.obj
                0x10005700                tud_init
 .text.usbd_defer_func
                0x100057cc       0x2a CMakeFiles/blink.dir/home/leon3/pico-sdk/lib/tinyusb/src/device/usbd.c.obj
                0x100057cc                usbd_defer_func
 *fill*         0x100057f6        0x2 
 .text.usbd_edpt_open
                0x100057f8       0x34 CMakeFiles/blink.dir/home/leon3/pico-sdk/lib/tinyusb/src/device/usbd.c.obj
                0x100057f8                usbd_edpt_open
 .text.usbd_open_edpt_pair
                0x1000582c       0x62 CMakeFiles/blink.dir/home/leon3/pico-sdk/lib/tinyusb/src/device/usbd.c.obj
                0x1000582c                usbd_open_edpt_pair
 *fill*         0x1000588e        0x2 
 .text.usbd_edpt_claim
                0x10005890       0x28 CMakeFiles/blink.dir/home/leon3/pico-sdk/lib/tinyusb/src/device/usbd.c.obj
                0x10005890                usbd_edpt_claim
 .text.usbd_edpt_release
                0x100058b8       0x28 CMakeFiles/blink.dir/home/leon3/pico-sdk/lib/tinyusb/src/device/usbd.c.obj
                0x100058b8                usbd_edpt_release
 .text.usbd_edpt_xfer
                0x100058e0       0x78 CMakeFiles/blink.dir/home/leon3/pico-sdk/lib/tinyusb/src/device/usbd.c.obj
                0x100058e0                usbd_edpt_xfer
 .text.usbd_edpt_stall
                0x10005958       0x48 CMakeFiles/blink.dir/home/leon3/pico-sdk/lib/tinyusb/src/device/usbd.c.obj
                0x10005958                usbd_edpt_stall
 .text.usbd_edpt_clear_stall
                0x100059a0       0x48 CMakeFiles/blink.dir/home/leon3/pico-sdk/lib/tinyusb/src/device/usbd.c.obj
                0x100059a0                usbd_edpt_clear_stall
 .text.usbd_edpt_stalled
                0x100059e8       0x1c CMakeFiles/blink.dir/home/leon3/pico-sdk/lib/tinyusb/src/device/usbd.c.obj
                0x100059e8                usbd_edpt_stalled
 .text.process_control_request
                0x10005a04      0x374 CMakeFiles/blink.dir/home/leon3/pico-sdk/lib/tinyusb/src/device/usbd.c.obj
 .text.tud_task_ext
                0x10005d78      0x1a8 CMakeFiles/blink.dir/home/leon3/pico-sdk/lib/tinyusb/src/device/usbd.c.obj
                0x10005d78                tud_task_ext
 .text._status_stage_xact
                0x10005f20       0x1a CMakeFiles/blink.dir/home/leon3/pico-sdk/lib/tinyusb/src/device/usbd_control.c.obj
 *fill*         0x10005f3a        0x2 
 .text._data_stage_xact
                0x10005f3c       0x58 CMakeFiles/blink.dir/home/leon3/pico-sdk/lib/tinyusb/src/device/usbd_control.c.obj
 .text.tud_control_status
                0x10005f94       0x28 CMakeFiles/blink.dir/home/leon3/pico-sdk/lib/tinyusb/src/device/usbd_control.c.obj
                0x10005f94                tud_control_status
 .text.tud_control_xfer
                0x10005fbc       0x68 CMakeFiles/blink.dir/home/leon3/pico-sdk/lib/tinyusb/src/device/usbd_control.c.obj
                0x10005fbc                tud_control_xfer
 .text.usbd_control_reset
                0x10006024       0x14 CMakeFiles/blink.dir/home/leon3/pico-sdk/lib/tinyusb/src/device/usbd_control.c.obj
                0x10006024                usbd_control_reset
 .text.usbd_control_set_complete_callback
                0x10006038        0xc CMakeFiles/blink.dir/home/leon3/pico-sdk/lib/tinyusb/src/device/usbd_control.c.obj
                0x10006038                usbd_control_set_complete_callback
 .text.usbd_control_set_request
                0x10006044       0x1c CMakeFiles/blink.dir/home/leon3/pico-sdk/lib/tinyusb/src/device/usbd_control.c.obj
                0x10006044                usbd_control_set_request
 .text.usbd_control_xfer_cb
                0x10006060       0xbc CMakeFiles/blink.dir/home/leon3/pico-sdk/lib/tinyusb/src/device/usbd_control.c.obj
                0x10006060                usbd_control_xfer_cb
 .text._prep_out_transaction
                0x1000611c       0x4a CMakeFiles/blink.dir/home/leon3/pico-sdk/lib/tinyusb/src/class/cdc/cdc_device.c.obj
 *fill*         0x10006166        0x2 
 .text.tud_cdc_n_connected
                0x10006168       0x38 CMakeFiles/blink.dir/home/leon3/pico-sdk/lib/tinyusb/src/class/cdc/cdc_device.c.obj
                0x10006168                tud_cdc_n_connected
 .text.tud_cdc_n_available
                0x100061a0       0x18 CMakeFiles/blink.dir/home/leon3/pico-sdk/lib/tinyusb/src/class/cdc/cdc_device.c.obj
                0x100061a0                tud_cdc_n_available
 .text.tud_cdc_n_read
                0x100061b8       0x28 CMakeFiles/blink.dir/home/leon3/pico-sdk/lib/tinyusb/src/class/cdc/cdc_device.c.obj
                0x100061b8                tud_cdc_n_read
 .text.tud_cdc_n_write_flush
                0x100061e0       0xb8 CMakeFiles/blink.dir/home/leon3/pico-sdk/lib/tinyusb/src/class/cdc/cdc_device.c.obj
                0x100061e0                tud_cdc_n_write_flush
 .text.tud_cdc_n_write
                0x10006298       0x38 CMakeFiles/blink.dir/home/leon3/pico-sdk/lib/tinyusb/src/class/cdc/cdc_device.c.obj
                0x10006298                tud_cdc_n_write
 .text.tud_cdc_n_write_available
                0x100062d0       0x1c CMakeFiles/blink.dir/home/leon3/pico-sdk/lib/tinyusb/src/class/cdc/cdc_device.c.obj
                0x100062d0                tud_cdc_n_write_available
 .text.cdcd_init
                0x100062ec       0xbc CMakeFiles/blink.dir/home/leon3/pico-sdk/lib/tinyusb/src/class/cdc/cdc_device.c.obj
                0x100062ec                cdcd_init
 .text.cdcd_reset
                0x100063a8       0x44 CMakeFiles/blink.dir/home/leon3/pico-sdk/lib/tinyusb/src/class/cdc/cdc_device.c.obj
                0x100063a8                cdcd_reset
 .text.cdcd_open
                0x100063ec       0xc4 CMakeFiles/blink.dir/home/leon3/pico-sdk/lib/tinyusb/src/class/cdc/cdc_device.c.obj
                0x100063ec                cdcd_open
 .text.cdcd_control_xfer_cb
                0x100064b0      0x134 CMakeFiles/blink.dir/home/leon3/pico-sdk/lib/tinyusb/src/class/cdc/cdc_device.c.obj
                0x100064b0                cdcd_control_xfer_cb
 .text.cdcd_xfer_cb
                0x100065e4      0x130 CMakeFiles/blink.dir/home/leon3/pico-sdk/lib/tinyusb/src/class/cdc/cdc_device.c.obj
                0x100065e4                cdcd_xfer_cb
 .text.tusb_init
                0x10006714        0xa CMakeFiles/blink.dir/home/leon3/pico-sdk/lib/tinyusb/src/tusb.c.obj
                0x10006714                tusb_init
 .text.tusb_inited
                0x1000671e        0xe CMakeFiles/blink.dir/home/leon3/pico-sdk/lib/tinyusb/src/tusb.c.obj
                0x1000671e                tusb_inited
 .text.tu_edpt_claim
                0x1000672c       0x50 CMakeFiles/blink.dir/home/leon3/pico-sdk/lib/tinyusb/src/tusb.c.obj
                0x1000672c                tu_edpt_claim
 .text.tu_edpt_release
                0x1000677c       0x38 CMakeFiles/blink.dir/home/leon3/pico-sdk/lib/tinyusb/src/tusb.c.obj
                0x1000677c                tu_edpt_release
 .text.tu_edpt_validate
                0x100067b4       0x78 CMakeFiles/blink.dir/home/leon3/pico-sdk/lib/tinyusb/src/tusb.c.obj
                0x100067b4                tu_edpt_validate
 .text.tu_edpt_bind_driver
                0x1000682c       0x26 CMakeFiles/blink.dir/home/leon3/pico-sdk/lib/tinyusb/src/tusb.c.obj
                0x1000682c                tu_edpt_bind_driver
 .text.advance_index
                0x10006852       0x1a CMakeFiles/blink.dir/home/leon3/pico-sdk/lib/tinyusb/src/common/tusb_fifo.c.obj
 .text._tu_fifo_peek
                0x1000686c       0x56 CMakeFiles/blink.dir/home/leon3/pico-sdk/lib/tinyusb/src/common/tusb_fifo.c.obj
 .text._ff_pull_const_addr
                0x100068c2       0x4c CMakeFiles/blink.dir/home/leon3/pico-sdk/lib/tinyusb/src/common/tusb_fifo.c.obj
 .text._ff_pull_n
                0x1000690e      0x110 CMakeFiles/blink.dir/home/leon3/pico-sdk/lib/tinyusb/src/common/tusb_fifo.c.obj
 .text._tu_fifo_peek_n
                0x10006a1e       0x6a CMakeFiles/blink.dir/home/leon3/pico-sdk/lib/tinyusb/src/common/tusb_fifo.c.obj
 .text._tu_fifo_read_n
                0x10006a88       0x4e CMakeFiles/blink.dir/home/leon3/pico-sdk/lib/tinyusb/src/common/tusb_fifo.c.obj
 .text._ff_push_const_addr
                0x10006ad6       0x40 CMakeFiles/blink.dir/home/leon3/pico-sdk/lib/tinyusb/src/common/tusb_fifo.c.obj
 .text._ff_push_n
                0x10006b16      0x10c CMakeFiles/blink.dir/home/leon3/pico-sdk/lib/tinyusb/src/common/tusb_fifo.c.obj
 .text._tu_fifo_write_n
                0x10006c22       0xf0 CMakeFiles/blink.dir/home/leon3/pico-sdk/lib/tinyusb/src/common/tusb_fifo.c.obj
 .text.tu_fifo_config
                0x10006d12       0x7c CMakeFiles/blink.dir/home/leon3/pico-sdk/lib/tinyusb/src/common/tusb_fifo.c.obj
                0x10006d12                tu_fifo_config
 .text.tu_fifo_count
                0x10006d8e       0x2a CMakeFiles/blink.dir/home/leon3/pico-sdk/lib/tinyusb/src/common/tusb_fifo.c.obj
                0x10006d8e                tu_fifo_count
 .text.tu_fifo_empty
                0x10006db8        0xe CMakeFiles/blink.dir/home/leon3/pico-sdk/lib/tinyusb/src/common/tusb_fifo.c.obj
                0x10006db8                tu_fifo_empty
 .text.tu_fifo_full
                0x10006dc6       0x28 CMakeFiles/blink.dir/home/leon3/pico-sdk/lib/tinyusb/src/common/tusb_fifo.c.obj
                0x10006dc6                tu_fifo_full
 .text.tu_fifo_remaining
                0x10006dee       0x2c CMakeFiles/blink.dir/home/leon3/pico-sdk/lib/tinyusb/src/common/tusb_fifo.c.obj
                0x10006dee                tu_fifo_remaining
 .text.tu_fifo_read
                0x10006e1a       0x42 CMakeFiles/blink.dir/home/leon3/pico-sdk/lib/tinyusb/src/common/tusb_fifo.c.obj
                0x10006e1a                tu_fifo_read
 .text.tu_fifo_read_n
                0x10006e5c        0xa CMakeFiles/blink.dir/home/leon3/pico-sdk/lib/tinyusb/src/common/tusb_fifo.c.obj
                0x10006e5c                tu_fifo_read_n
 .text.tu_fifo_write
                0x10006e66       0x64 CMakeFiles/blink.dir/home/leon3/pico-sdk/lib/tinyusb/src/common/tusb_fifo.c.obj
                0x10006e66                tu_fifo_write
 .text.tu_fifo_write_n
                0x10006eca        0xa CMakeFiles/blink.dir/home/leon3/pico-sdk/lib/tinyusb/src/common/tusb_fifo.c.obj
                0x10006eca                tu_fifo_write_n
 .text.tu_fifo_clear
                0x10006ed4       0x3e CMakeFiles/blink.dir/home/leon3/pico-sdk/lib/tinyusb/src/common/tusb_fifo.c.obj
                0x10006ed4                tu_fifo_clear
 .text.tu_fifo_set_overwritable
                0x10006f12       0x46 CMakeFiles/blink.dir/home/leon3/pico-sdk/lib/tinyusb/src/common/tusb_fifo.c.obj
                0x10006f12                tu_fifo_set_overwritable
 .text.core1_trampoline
                0x10006f58        0x2 CMakeFiles/blink.dir/home/leon3/pico-sdk/src/rp2_common/pico_multicore/multicore.c.obj
 .text.core1_wrapper
                0x10006f5a        0xc CMakeFiles/blink.dir/home/leon3/pico-sdk/src/rp2_common/pico_multicore/multicore.c.obj
                0x10006f5a                core1_wrapper
 .text.multicore_fifo_push_blocking
                0x10006f66       0x14 CMakeFiles/blink.dir/home/leon3/pico-sdk/src/rp2_common/pico_multicore/multicore.c.obj
                0x10006f66                multicore_fifo_push_blocking
 .text.multicore_fifo_pop_blocking
                0x10006f7a       0x16 CMakeFiles/blink.dir/home/leon3/pico-sdk/src/rp2_common/pico_multicore/multicore.c.obj
                0x10006f7a                multicore_fifo_pop_blocking
 .text.multicore_reset_core1
                0x10006f90       0x28 CMakeFiles/blink.dir/home/leon3/pico-sdk/src/rp2_common/pico_multicore/multicore.c.obj
                0x10006f90                multicore_reset_core1
 .text.multicore_launch_core1_raw
                0x10006fb8       0x70 CMakeFiles/blink.dir/home/leon3/pico-sdk/src/rp2_common/pico_multicore/multicore.c.obj
                0x10006fb8                multicore_launch_core1_raw
 .text.multicore_launch_core1_with_stack
                0x10007028       0x50 CMakeFiles/blink.dir/home/leon3/pico-sdk/src/rp2_common/pico_multicore/multicore.c.obj
                0x10007028                multicore_launch_core1_with_stack
 .text.multicore_launch_core1
                0x10007078       0x24 CMakeFiles/blink.dir/home/leon3/pico-sdk/src/rp2_common/pico_multicore/multicore.c.obj
                0x10007078                multicore_launch_core1
 .text.pio_usb_bus_init
                0x1000709c      0x174 CMakeFiles/blink.dir/Pico-PIO-USB/src/pio_usb.c.obj
                0x1000709c                pio_usb_bus_init
 .text.pio_usb_get_endpoint
                0x10007210       0x20 CMakeFiles/blink.dir/Pico-PIO-USB/src/pio_usb.c.obj
                0x10007210                pio_usb_get_endpoint
 .text.device_disconnect
                0x10007230      0x124 CMakeFiles/blink.dir/Pico-PIO-USB/src/pio_usb_host.c.obj
 .text.get_string_descriptor
                0x10007354       0x8c CMakeFiles/blink.dir/Pico-PIO-USB/src/pio_usb_host.c.obj
 .text.enumerate_device
                0x100073e0      0x57c CMakeFiles/blink.dir/Pico-PIO-USB/src/pio_usb_host.c.obj
 .text.pio_usb_host_init
                0x1000795c      0x18c CMakeFiles/blink.dir/Pico-PIO-USB/src/pio_usb_host.c.obj
                0x1000795c                pio_usb_host_init
 .text.calc_usb_crc16
                0x10007ae8       0x30 CMakeFiles/blink.dir/Pico-PIO-USB/src/usb_crc.c.obj
                0x10007ae8                calc_usb_crc16
 .text.pio_get_default_sm_config
                0x10007b18       0x28 CMakeFiles/blink.dir/home/leon3/pico-sdk/src/rp2_common/hardware_pio/pio.c.obj
 .text._pio_can_add_program_at_offset
                0x10007b40       0x3c CMakeFiles/blink.dir/home/leon3/pico-sdk/src/rp2_common/hardware_pio/pio.c.obj
 .text._pio_find_offset_for_program
                0x10007b7c       0x7c CMakeFiles/blink.dir/home/leon3/pico-sdk/src/rp2_common/hardware_pio/pio.c.obj
 .text._pio_add_program_at_offset
                0x10007bf8       0x7c CMakeFiles/blink.dir/home/leon3/pico-sdk/src/rp2_common/hardware_pio/pio.c.obj
 .text.pio_sm_claim
                0x10007c74       0x30 CMakeFiles/blink.dir/home/leon3/pico-sdk/src/rp2_common/hardware_pio/pio.c.obj
                0x10007c74                pio_sm_claim
 .text.pio_add_program
                0x10007ca4       0x38 CMakeFiles/blink.dir/home/leon3/pico-sdk/src/rp2_common/hardware_pio/pio.c.obj
                0x10007ca4                pio_add_program
 .text.pio_sm_set_pins_with_mask
                0x10007cdc       0x9a CMakeFiles/blink.dir/home/leon3/pico-sdk/src/rp2_common/hardware_pio/pio.c.obj
                0x10007cdc                pio_sm_set_pins_with_mask
 *fill*         0x10007d76        0x2 
 .text.pio_sm_set_pindirs_with_mask
                0x10007d78       0x9c CMakeFiles/blink.dir/home/leon3/pico-sdk/src/rp2_common/hardware_pio/pio.c.obj
                0x10007d78                pio_sm_set_pindirs_with_mask
 .text.pio_sm_set_consecutive_pindirs
                0x10007e14       0xa4 CMakeFiles/blink.dir/home/leon3/pico-sdk/src/rp2_common/hardware_pio/pio.c.obj
                0x10007e14                pio_sm_set_consecutive_pindirs
 .text.pio_sm_init
                0x10007eb8       0xb0 CMakeFiles/blink.dir/home/leon3/pico-sdk/src/rp2_common/hardware_pio/pio.c.obj
                0x10007eb8                pio_sm_init
 .text.dma_channel_claim
                0x10007f68       0x18 CMakeFiles/blink.dir/home/leon3/pico-sdk/src/rp2_common/hardware_dma/dma.c.obj
                0x10007f68                dma_channel_claim
 .text.dma_claim_mask
                0x10007f80       0x1e CMakeFiles/blink.dir/home/leon3/pico-sdk/src/rp2_common/hardware_dma/dma.c.obj
                0x10007f80                dma_claim_mask
 *fill*         0x10007f9e        0x2 
 .text.malloc   0x10007fa0       0x14 /usr/bin/../lib/gcc/arm-none-eabi/13.2.1/../../../../arm-none-eabi/lib/thumb/v6-m/nofp/libg.a(libc_a-malloc.o)
                0x10007fa0                malloc
 .text._malloc_r
                0x10007fb4      0x5c4 /usr/bin/../lib/gcc/arm-none-eabi/13.2.1/../../../../arm-none-eabi/lib/thumb/v6-m/nofp/libg.a(libc_a-mallocr.o)
                0x10007fb4                _malloc_r
 .text.sysconf  0x10008578       0x1c /usr/bin/../lib/gcc/arm-none-eabi/13.2.1/../../../../arm-none-eabi/lib/thumb/v6-m/nofp/libg.a(libc_a-sysconf.o)
                0x10008578                sysconf
 .text.__malloc_lock
                0x10008594       0x10 /usr/bin/../lib/gcc/arm-none-eabi/13.2.1/../../../../arm-none-eabi/lib/thumb/v6-m/nofp/libg.a(libc_a-mlock.o)
                0x10008594                __malloc_lock
 .text.__malloc_unlock
                0x100085a4       0x10 /usr/bin/../lib/gcc/arm-none-eabi/13.2.1/../../../../arm-none-eabi/lib/thumb/v6-m/nofp/libg.a(libc_a-mlock.o)
                0x100085a4                __malloc_unlock
 .text.calloc   0x100085b4       0x18 /usr/bin/../lib/gcc/arm-none-eabi/13.2.1/../../../../arm-none-eabi/lib/thumb/v6-m/nofp/libg.a(libc_a-calloc.o)
                0x100085b4                calloc
 .text._calloc_r
                0x100085cc       0xa8 /usr/bin/../lib/gcc/arm-none-eabi/13.2.1/../../../../arm-none-eabi/lib/thumb/v6-m/nofp/libg.a(libc_a-callocr.o)
                0x100085cc                _calloc_r
 .text.strlen   0x10008674       0x5c /usr/bin/../lib/gcc/arm-none-eabi/13.2.1/../../../../arm-none-eabi/lib/thumb/v6-m/nofp/libg.a(libc_a-strlen-stub.o)
                0x10008674                strlen
 .text._malloc_trim_r
                0x100086d0       0xb4 /usr/bin/../lib/gcc/arm-none-eabi/13.2.1/../../../../arm-none-eabi/lib/thumb/v6-m/nofp/libg.a(libc_a-freer.o)
                0x100086d0                _malloc_trim_r
 .text._free_r  0x10008784      0x1d4 /usr/bin/../lib/gcc/arm-none-eabi/13.2.1/../../../../arm-none-eabi/lib/thumb/v6-m/nofp/libg.a(libc_a-freer.o)
                0x10008784                _free_r
 .text._sbrk_r  0x10008958       0x24 /usr/bin/../lib/gcc/arm-none-eabi/13.2.1/../../../../arm-none-eabi/lib/thumb/v6-m/nofp/libg.a(libc_a-sbrkr.o)
                0x10008958                _sbrk_r
 .text.__errno  0x1000897c        0xc /usr/bin/../lib/gcc/arm-none-eabi/13.2.1/../../../../arm-none-eabi/lib/thumb/v6-m/nofp/libg.a(libc_a-errno.o)
                0x1000897c                __errno
 .text.__retarget_lock_acquire_recursive
                0x10008988        0x4 /usr/bin/../lib/gcc/arm-none-eabi/13.2.1/../../../../arm-none-eabi/lib/thumb/v6-m/nofp/libg.a(libc_a-lock.o)
                0x10008988                __retarget_lock_acquire_recursive
 .text.__retarget_lock_release_recursive
                0x1000898c        0x4 /usr/bin/../lib/gcc/arm-none-eabi/13.2.1/../../../../arm-none-eabi/lib/thumb/v6-m/nofp/libg.a(libc_a-lock.o)
                0x1000898c                __retarget_lock_release_recursive
 *(.fini)
 .fini          0x10008990        0x4 /usr/bin/../lib/gcc/arm-none-eabi/13.2.1/thumb/v6-m/nofp/crti.o
                0x10008990                _fini
 *fill*         0x10008994        0x4 
 .fini.__stub   0x10008998      0x160 linker stubs
 *crtbegin.o(.ctors)
 *crtbegin?.o(.ctors)
 *(EXCLUDE_FILE(*crtend.o *crtend?.o) .ctors)
 *(SORT_BY_NAME(.ctors.*))
 *(.ctors)
 *crtbegin.o(.dtors)
 *crtbegin?.o(.dtors)
 *(EXCLUDE_FILE(*crtend.o *crtend?.o) .dtors)
 *(SORT_BY_NAME(.dtors.*))
 *(.dtors)
 *(.eh_frame*)
 .eh_frame      0x10008af8        0x0 /usr/bin/../lib/gcc/arm-none-eabi/13.2.1/thumb/v6-m/nofp/crtbegin.o
                0x10008af8                        . = ALIGN (0x4)

.glue_7         0x10008af8        0x0
 .glue_7        0x10008af8        0x0 linker stubs

.glue_7t        0x10008af8        0x0
 .glue_7t       0x10008af8        0x0 linker stubs

.vfp11_veneer   0x10008af8        0x0
 .vfp11_veneer  0x10008af8        0x0 linker stubs

.v4_bx          0x10008af8        0x0
 .v4_bx         0x10008af8        0x0 linker stubs

.iplt           0x10008af8        0x0
 .iplt          0x10008af8        0x0 /usr/bin/../lib/gcc/arm-none-eabi/13.2.1/thumb/v6-m/nofp/crtbegin.o

.rodata         0x10008af8     0x1d54
 *(EXCLUDE_FILE(*libm.a: *libc.a:*lib_a-mem*.o *libgcc.a:) .rodata*)
 .rodata.set_sys_clock_khz.str1.4
                0x10008af8     0x14e6 CMakeFiles/blink.dir/blink.c.obj
                                 0x32 (size before relaxing)
 .rodata.main.str1.4
                0x10009fde       0x35 CMakeFiles/blink.dir/blink.c.obj
 *fill*         0x10009fde        0x2 
 .rodata.LED_PINS
                0x10009fe0        0xc CMakeFiles/blink.dir/blink.c.obj
                0x10009fe0                LED_PINS
 .rodata.spin_lock_claim_unused.str1.4
                0x10009fec       0x1b CMakeFiles/blink.dir/home/leon3/pico-sdk/src/rp2_common/hardware_sync/sync.c.obj
 .rodata.resolve_branch.str1.4
                0x10009fec       0x4f CMakeFiles/blink.dir/home/leon3/pico-sdk/src/rp2_common/hardware_irq/irq.c.obj
 .rodata.make_branch.str1.4
                0x10009fec       0x30 CMakeFiles/blink.dir/home/leon3/pico-sdk/src/rp2_common/hardware_irq/irq.c.obj
 .rodata.insert_branch_and_link.str1.4
                0x10009fec       0x10 CMakeFiles/blink.dir/home/leon3/pico-sdk/src/rp2_common/hardware_irq/irq.c.obj
 .rodata.irq_set_exclusive_handler.str1.4
                0x10009fec       0x36 CMakeFiles/blink.dir/home/leon3/pico-sdk/src/rp2_common/hardware_irq/irq.c.obj
 .rodata.irq_add_shared_handler.str1.4
                0x10009fec       0xc2 CMakeFiles/blink.dir/home/leon3/pico-sdk/src/rp2_common/hardware_irq/irq.c.obj
 .rodata.irq_remove_handler.str1.4
                0x10009fec       0x3a CMakeFiles/blink.dir/home/leon3/pico-sdk/src/rp2_common/hardware_irq/irq.c.obj
 .rodata.irq_add_tail_to_free_list.str1.4
                0x10009fec       0x3a CMakeFiles/blink.dir/home/leon3/pico-sdk/src/rp2_common/hardware_irq/irq.c.obj
 .rodata.user_irq_claim_unused.str1.4
                0x10009fec       0x1b CMakeFiles/blink.dir/home/leon3/pico-sdk/src/rp2_common/hardware_irq/irq.c.obj
 .rodata.__func__.0
                0x10009fec       0x1a CMakeFiles/blink.dir/home/leon3/pico-sdk/src/rp2_common/hardware_irq/irq.c.obj
 *fill*         0x1000a006        0x2 
 .rodata.__func__.1
                0x1000a008       0x17 CMakeFiles/blink.dir/home/leon3/pico-sdk/src/rp2_common/hardware_irq/irq.c.obj
 *fill*         0x1000a01f        0x1 
 .rodata.__func__.2
                0x1000a020       0x13 CMakeFiles/blink.dir/home/leon3/pico-sdk/src/rp2_common/hardware_irq/irq.c.obj
 *fill*         0x1000a033        0x1 
 .rodata.__func__.3
                0x1000a034        0xc CMakeFiles/blink.dir/home/leon3/pico-sdk/src/rp2_common/hardware_irq/irq.c.obj
 .rodata.__func__.4
                0x1000a040        0xf CMakeFiles/blink.dir/home/leon3/pico-sdk/src/rp2_common/hardware_irq/irq.c.obj
 *fill*         0x1000a04f        0x1 
 .rodata.__func__.5
                0x1000a050       0x17 CMakeFiles/blink.dir/home/leon3/pico-sdk/src/rp2_common/hardware_irq/irq.c.obj
 *fill*         0x1000a067        0x1 
 .rodata.__func__.6
                0x1000a068       0x1a CMakeFiles/blink.dir/home/leon3/pico-sdk/src/rp2_common/hardware_irq/irq.c.obj
 .rodata.update_us_since_boot.str1.4
                0x1000a082       0x5b CMakeFiles/blink.dir/home/leon3/pico-sdk/src/common/pico_sync/mutex.c.obj
 .rodata.str1.4
                0x1000a082       0x85 CMakeFiles/blink.dir/home/leon3/pico-sdk/src/common/pico_sync/mutex.c.obj
 *fill*         0x1000a082        0x2 
 .rodata.__func__.1
                0x1000a084        0xb CMakeFiles/blink.dir/home/leon3/pico-sdk/src/common/pico_sync/mutex.c.obj
 *fill*         0x1000a08f        0x1 
 .rodata.__func__.3
                0x1000a090       0x18 CMakeFiles/blink.dir/home/leon3/pico-sdk/src/common/pico_sync/mutex.c.obj
 .rodata.__func__.4
                0x1000a0a8       0x15 CMakeFiles/blink.dir/home/leon3/pico-sdk/src/common/pico_sync/mutex.c.obj
 .rodata.get_entry.str1.4
                0x1000a0bd       0x55 CMakeFiles/blink.dir/home/leon3/pico-sdk/src/common/pico_time/time.c.obj
 .rodata.update_us_since_boot.str1.4
                0x1000a0bd       0x5b CMakeFiles/blink.dir/home/leon3/pico-sdk/src/common/pico_time/time.c.obj
 .rodata.ph_get_node.str1.4
                0x1000a0bd       0x60 CMakeFiles/blink.dir/home/leon3/pico-sdk/src/common/pico_time/time.c.obj
 .rodata.ph_add_child_node.str1.4
                0x1000a0bd       0x2e CMakeFiles/blink.dir/home/leon3/pico-sdk/src/common/pico_time/time.c.obj
 .rodata.ph_insert_node.str1.4
                0x1000a0bd        0x3 CMakeFiles/blink.dir/home/leon3/pico-sdk/src/common/pico_time/time.c.obj
 .rodata.ph_free_node.str1.4
                0x1000a0bd       0x38 CMakeFiles/blink.dir/home/leon3/pico-sdk/src/common/pico_time/time.c.obj
 .rodata.repeating_timer_callback.str1.4
                0x1000a0bd       0x13 CMakeFiles/blink.dir/home/leon3/pico-sdk/src/common/pico_time/time.c.obj
 .rodata.add_alarm_under_lock.str1.4
                0x1000a0bd       0x28 CMakeFiles/blink.dir/home/leon3/pico-sdk/src/common/pico_time/time.c.obj
 .rodata.alarm_pool_alarm_callback.str1.4
                0x1000a0bd       0x60 CMakeFiles/blink.dir/home/leon3/pico-sdk/src/common/pico_time/time.c.obj
 .rodata.alarm_pool_get_default.str1.4
                0x1000a0bd       0x21 CMakeFiles/blink.dir/home/leon3/pico-sdk/src/common/pico_time/time.c.obj
 .rodata.alarm_pool_cancel_alarm.str1.4
                0x1000a0bd       0x27 CMakeFiles/blink.dir/home/leon3/pico-sdk/src/common/pico_time/time.c.obj
 .rodata.sleep_until.str1.4
                0x1000a0bd       0x4d CMakeFiles/blink.dir/home/leon3/pico-sdk/src/common/pico_time/time.c.obj
 *fill*         0x1000a0bd        0x3 
 .rodata.__func__.0
                0x1000a0c0       0x19 CMakeFiles/blink.dir/home/leon3/pico-sdk/src/common/pico_time/time.c.obj
 *fill*         0x1000a0d9        0x3 
 .rodata.__func__.1
                0x1000a0dc       0x18 CMakeFiles/blink.dir/home/leon3/pico-sdk/src/common/pico_time/time.c.obj
 .rodata.__func__.3
                0x1000a0f4       0x17 CMakeFiles/blink.dir/home/leon3/pico-sdk/src/common/pico_time/time.c.obj
 *fill*         0x1000a10b        0x1 
 .rodata.__func__.4
                0x1000a10c       0x12 CMakeFiles/blink.dir/home/leon3/pico-sdk/src/common/pico_time/time.c.obj
 *fill*         0x1000a11e        0x2 
 .rodata.__func__.5
                0x1000a120        0xd CMakeFiles/blink.dir/home/leon3/pico-sdk/src/common/pico_time/time.c.obj
 *fill*         0x1000a12d        0x3 
 .rodata.__func__.6
                0x1000a130       0x12 CMakeFiles/blink.dir/home/leon3/pico-sdk/src/common/pico_time/time.c.obj
 *fill*         0x1000a142        0x2 
 .rodata.__func__.7
                0x1000a144        0xf CMakeFiles/blink.dir/home/leon3/pico-sdk/src/common/pico_time/time.c.obj
 *fill*         0x1000a153        0x1 
 .rodata.__func__.8
                0x1000a154        0xc CMakeFiles/blink.dir/home/leon3/pico-sdk/src/common/pico_time/time.c.obj
 .rodata.__func__.9
                0x1000a160       0x15 CMakeFiles/blink.dir/home/leon3/pico-sdk/src/common/pico_time/time.c.obj
 *fill*         0x1000a175        0x3 
 .rodata.__func__.10
                0x1000a178       0x15 CMakeFiles/blink.dir/home/leon3/pico-sdk/src/common/pico_time/time.c.obj
 *fill*         0x1000a18d        0x3 
 .rodata.__func__.11
                0x1000a190       0x1a CMakeFiles/blink.dir/home/leon3/pico-sdk/src/common/pico_time/time.c.obj
 *fill*         0x1000a1aa        0x2 
 .rodata.__func__.12
                0x1000a1ac        0xa CMakeFiles/blink.dir/home/leon3/pico-sdk/src/common/pico_time/time.c.obj
 .rodata.update_us_since_boot.str1.4
                0x1000a1b6       0x5b CMakeFiles/blink.dir/home/leon3/pico-sdk/src/rp2_common/hardware_timer/timer.c.obj
 .rodata.hardware_alarm_claim.str1.4
                0x1000a1b6       0x22 CMakeFiles/blink.dir/home/leon3/pico-sdk/src/rp2_common/hardware_timer/timer.c.obj
 .rodata.hardware_alarm_set_target.str1.4
                0x1000a1b6       0x5f CMakeFiles/blink.dir/home/leon3/pico-sdk/src/rp2_common/hardware_timer/timer.c.obj
 *fill*         0x1000a1b6        0x2 
 .rodata.__func__.0
                0x1000a1b8       0x1a CMakeFiles/blink.dir/home/leon3/pico-sdk/src/rp2_common/hardware_timer/timer.c.obj
 *fill*         0x1000a1d2        0x2 
 .rodata.__func__.1
                0x1000a1d4       0x15 CMakeFiles/blink.dir/home/leon3/pico-sdk/src/rp2_common/hardware_timer/timer.c.obj
 .rodata.ph_get_node.str1.4
                0x1000a1e9       0x60 CMakeFiles/blink.dir/home/leon3/pico-sdk/src/common/pico_util/pheap.c.obj
 .rodata.ph_add_child_node.str1.4
                0x1000a1e9       0x2e CMakeFiles/blink.dir/home/leon3/pico-sdk/src/common/pico_util/pheap.c.obj
 .rodata.ph_remove_any_head.str1.4
                0x1000a1e9       0x9c CMakeFiles/blink.dir/home/leon3/pico-sdk/src/common/pico_util/pheap.c.obj
 .rodata.ph_remove_and_free_node.str1.4
                0x1000a1e9       0x26 CMakeFiles/blink.dir/home/leon3/pico-sdk/src/common/pico_util/pheap.c.obj
 *fill*         0x1000a1e9        0x3 
 .rodata.__func__.0
                0x1000a1ec       0x18 CMakeFiles/blink.dir/home/leon3/pico-sdk/src/common/pico_util/pheap.c.obj
 .rodata.__func__.1
                0x1000a204       0x13 CMakeFiles/blink.dir/home/leon3/pico-sdk/src/common/pico_util/pheap.c.obj
 *fill*         0x1000a217        0x1 
 .rodata.__func__.2
                0x1000a218       0x12 CMakeFiles/blink.dir/home/leon3/pico-sdk/src/common/pico_util/pheap.c.obj
 *fill*         0x1000a22a        0x2 
 .rodata.__func__.3
                0x1000a22c        0xc CMakeFiles/blink.dir/home/leon3/pico-sdk/src/common/pico_util/pheap.c.obj
 .rodata.clock_configure.str1.4
                0x1000a238       0x51 CMakeFiles/blink.dir/home/leon3/pico-sdk/src/rp2_common/hardware_clocks/clocks.c.obj
 .rodata.__func__.1
                0x1000a238       0x10 CMakeFiles/blink.dir/home/leon3/pico-sdk/src/rp2_common/hardware_clocks/clocks.c.obj
 .rodata.pll_init.str1.4
                0x1000a248      0x11c CMakeFiles/blink.dir/home/leon3/pico-sdk/src/rp2_common/hardware_pll/pll.c.obj
 .rodata.__func__.0
                0x1000a248        0x9 CMakeFiles/blink.dir/home/leon3/pico-sdk/src/rp2_common/hardware_pll/pll.c.obj
 .rodata.__assert_func.str1.4
                0x1000a251       0x43 CMakeFiles/blink.dir/home/leon3/pico-sdk/src/rp2_common/pico_runtime/runtime.c.obj
 .rodata.runtime_init.str1.4
                0x1000a251       0x5b CMakeFiles/blink.dir/home/leon3/pico-sdk/src/rp2_common/pico_runtime/runtime.c.obj
 .rodata.panic.str1.4
                0x1000a251       0x12 CMakeFiles/blink.dir/home/leon3/pico-sdk/src/rp2_common/pico_runtime/runtime.c.obj
 *fill*         0x1000a251        0x3 
 .rodata.__func__.2
                0x1000a254        0xd CMakeFiles/blink.dir/home/leon3/pico-sdk/src/rp2_common/pico_runtime/runtime.c.obj
 .rodata._ftoa.str1.4
                0x1000a261       0x15 CMakeFiles/blink.dir/home/leon3/pico-sdk/src/rp2_common/pico_printf/printf.c.obj
 *fill*         0x1000a261        0x3 
 .rodata._vsnprintf
                0x1000a264      0x19c CMakeFiles/blink.dir/home/leon3/pico-sdk/src/rp2_common/pico_printf/printf.c.obj
 .rodata.pow10.0
                0x1000a400       0x50 CMakeFiles/blink.dir/home/leon3/pico-sdk/src/rp2_common/pico_printf/printf.c.obj
 .rodata.missing_double_func_shim.str1.4
                0x1000a450       0x18 CMakeFiles/blink.dir/home/leon3/pico-sdk/src/rp2_common/pico_double/double_init_rom.c.obj
 .rodata.__aeabi_double_init.str1.4
                0x1000a450       0x96 CMakeFiles/blink.dir/home/leon3/pico-sdk/src/rp2_common/pico_double/double_init_rom.c.obj
 .rodata.__func__.0
                0x1000a450       0x14 CMakeFiles/blink.dir/home/leon3/pico-sdk/src/rp2_common/pico_double/double_init_rom.c.obj
 .rodata.missing_float_func_shim.str1.4
                0x1000a464        0x1 CMakeFiles/blink.dir/home/leon3/pico-sdk/src/rp2_common/pico_float/float_init_rom.c.obj
 .rodata.__aeabi_float_init.str1.4
                0x1000a464       0x74 CMakeFiles/blink.dir/home/leon3/pico-sdk/src/rp2_common/pico_float/float_init_rom.c.obj
 .rodata.__func__.0
                0x1000a464       0x13 CMakeFiles/blink.dir/home/leon3/pico-sdk/src/rp2_common/pico_float/float_init_rom.c.obj
 .rodata.check_alloc.str1.4
                0x1000a477        0xe CMakeFiles/blink.dir/home/leon3/pico-sdk/src/rp2_common/pico_malloc/pico_malloc.c.obj
 .rodata.str1.4
                0x1000a477       0x48 CMakeFiles/blink.dir/home/leon3/pico-sdk/src/rp2_common/pico_standard_link/binary_info.c.obj
 *fill*         0x1000a477        0x1 
 .rodata.__bi_81
                0x1000a478        0xc CMakeFiles/blink.dir/home/leon3/pico-sdk/src/rp2_common/pico_standard_link/binary_info.c.obj
 .rodata.__bi_75
                0x1000a484        0xc CMakeFiles/blink.dir/home/leon3/pico-sdk/src/rp2_common/pico_standard_link/binary_info.c.obj
 .rodata.__bi_44
                0x1000a490        0xc CMakeFiles/blink.dir/home/leon3/pico-sdk/src/rp2_common/pico_standard_link/binary_info.c.obj
 .rodata.update_us_since_boot.str1.4
                0x1000a49c       0x5b CMakeFiles/blink.dir/home/leon3/pico-sdk/src/rp2_common/pico_stdio/stdio.c.obj
 .rodata.crlf_str.2
                0x1000a49c        0x2 CMakeFiles/blink.dir/home/leon3/pico-sdk/src/rp2_common/pico_stdio/stdio.c.obj
 *fill*         0x1000a49e        0x2 
 .rodata.__func__.3
                0x1000a4a0       0x15 CMakeFiles/blink.dir/home/leon3/pico-sdk/src/rp2_common/pico_stdio/stdio.c.obj
 .rodata.str1.4
                0x1000a4b5       0x2c CMakeFiles/blink.dir/home/leon3/pico-sdk/src/rp2_common/pico_stdio_uart/stdio_uart.c.obj
 *fill*         0x1000a4b5        0x3 
 .rodata.__bi_33.4
                0x1000a4b8        0xc CMakeFiles/blink.dir/home/leon3/pico-sdk/src/rp2_common/pico_stdio_uart/stdio_uart.c.obj
 .rodata.__bi_34.5
                0x1000a4c4        0x8 CMakeFiles/blink.dir/home/leon3/pico-sdk/src/rp2_common/pico_stdio_uart/stdio_uart.c.obj
 .rodata._resetd_driver
                0x1000a4cc       0x18 CMakeFiles/blink.dir/home/leon3/pico-sdk/src/rp2_common/pico_stdio_usb/reset_interface.c.obj
 .rodata.update_us_since_boot.str1.4
                0x1000a4e4       0x5b CMakeFiles/blink.dir/home/leon3/pico-sdk/src/rp2_common/pico_stdio_usb/stdio_usb.c.obj
 .rodata.stdio_usb_init.str1.4
                0x1000a4e4       0x47 CMakeFiles/blink.dir/home/leon3/pico-sdk/src/rp2_common/pico_stdio_usb/stdio_usb.c.obj
 .rodata.str1.4
                0x1000a4e4       0x13 CMakeFiles/blink.dir/home/leon3/pico-sdk/src/rp2_common/pico_stdio_usb/stdio_usb.c.obj
 .rodata.__bi_182.0
                0x1000a4e4        0xc CMakeFiles/blink.dir/home/leon3/pico-sdk/src/rp2_common/pico_stdio_usb/stdio_usb.c.obj
 .rodata.__func__.1
                0x1000a4f0        0xf CMakeFiles/blink.dir/home/leon3/pico-sdk/src/rp2_common/pico_stdio_usb/stdio_usb.c.obj
 *fill*         0x1000a4ff        0x1 
 .rodata.__func__.3
                0x1000a500       0x15 CMakeFiles/blink.dir/home/leon3/pico-sdk/src/rp2_common/pico_stdio_usb/stdio_usb.c.obj
 .rodata.str1.4
                0x1000a515       0x2a CMakeFiles/blink.dir/home/leon3/pico-sdk/src/rp2_common/pico_stdio_usb/stdio_usb_descriptors.c.obj
 *fill*         0x1000a515        0x3 
 .rodata.usbd_desc_str
                0x1000a518       0x18 CMakeFiles/blink.dir/home/leon3/pico-sdk/src/rp2_common/pico_stdio_usb/stdio_usb_descriptors.c.obj
 .rodata.usbd_desc_cfg
                0x1000a530       0x54 CMakeFiles/blink.dir/home/leon3/pico-sdk/src/rp2_common/pico_stdio_usb/stdio_usb_descriptors.c.obj
 .rodata.usbd_desc_device
                0x1000a584       0x12 CMakeFiles/blink.dir/home/leon3/pico-sdk/src/rp2_common/pico_stdio_usb/stdio_usb_descriptors.c.obj
 .rodata.pico_get_unique_board_id_string.str1.4
                0x1000a596       0x47 CMakeFiles/blink.dir/home/leon3/pico-sdk/src/rp2_common/pico_unique_id/unique_id.c.obj
 *fill*         0x1000a596        0x2 
 .rodata.__func__.0
                0x1000a598       0x20 CMakeFiles/blink.dir/home/leon3/pico-sdk/src/rp2_common/pico_unique_id/unique_id.c.obj
 .rodata.str1.4
                0x1000a5b8      0x152 CMakeFiles/blink.dir/home/leon3/pico-sdk/src/rp2_common/hardware_flash/flash.c.obj
 .rodata.__func__.0
                0x1000a5b8        0xd CMakeFiles/blink.dir/home/leon3/pico-sdk/src/rp2_common/hardware_flash/flash.c.obj
 .rodata._hw_endpoint_alloc.str1.4
                0x1000a5c5       0xb1 CMakeFiles/blink.dir/home/leon3/pico-sdk/lib/tinyusb/src/portable/raspberrypi/rp2040/dcd_rp2040.c.obj
 .rodata.str1.4
                0x1000a5c5       0x14 CMakeFiles/blink.dir/home/leon3/pico-sdk/lib/tinyusb/src/portable/raspberrypi/rp2040/dcd_rp2040.c.obj
 .rodata.dcd_int_enable.str1.4
                0x1000a5c5        0xc CMakeFiles/blink.dir/home/leon3/pico-sdk/lib/tinyusb/src/portable/raspberrypi/rp2040/dcd_rp2040.c.obj
 *fill*         0x1000a5c5        0x3 
 .rodata.__func__.0
                0x1000a5c8        0xe CMakeFiles/blink.dir/home/leon3/pico-sdk/lib/tinyusb/src/portable/raspberrypi/rp2040/dcd_rp2040.c.obj
 *fill*         0x1000a5d6        0x2 
 .rodata.__func__.1
                0x1000a5d8        0xe CMakeFiles/blink.dir/home/leon3/pico-sdk/lib/tinyusb/src/portable/raspberrypi/rp2040/dcd_rp2040.c.obj
 *fill*         0x1000a5e6        0x2 
 .rodata.__func__.3
                0x1000a5e8       0x10 CMakeFiles/blink.dir/home/leon3/pico-sdk/lib/tinyusb/src/portable/raspberrypi/rp2040/dcd_rp2040.c.obj
 .rodata.__func__.5
                0x1000a5f8        0xf CMakeFiles/blink.dir/home/leon3/pico-sdk/lib/tinyusb/src/portable/raspberrypi/rp2040/dcd_rp2040.c.obj
 *fill*         0x1000a607        0x1 
 .rodata.__func__.6
                0x1000a608       0x13 CMakeFiles/blink.dir/home/leon3/pico-sdk/lib/tinyusb/src/portable/raspberrypi/rp2040/dcd_rp2040.c.obj
 *fill*         0x1000a61b        0x1 
 .rodata.__func__.7
                0x1000a61c        0x9 CMakeFiles/blink.dir/home/leon3/pico-sdk/lib/tinyusb/src/portable/raspberrypi/rp2040/dcd_rp2040.c.obj
 .rodata.str1.4
                0x1000a625       0xe3 CMakeFiles/blink.dir/home/leon3/pico-sdk/lib/tinyusb/src/portable/raspberrypi/rp2040/rp2040_usb.c.obj
 *fill*         0x1000a625        0x3 
 .rodata.__func__.0
                0x1000a628        0xf CMakeFiles/blink.dir/home/leon3/pico-sdk/lib/tinyusb/src/portable/raspberrypi/rp2040/rp2040_usb.c.obj
 *fill*         0x1000a637        0x1 
 .rodata.process_get_descriptor
                0x1000a638       0x40 CMakeFiles/blink.dir/home/leon3/pico-sdk/lib/tinyusb/src/device/usbd.c.obj
 .rodata.process_control_request
                0x1000a678       0x28 CMakeFiles/blink.dir/home/leon3/pico-sdk/lib/tinyusb/src/device/usbd.c.obj
 .rodata.tud_task_ext
                0x1000a6a0       0x24 CMakeFiles/blink.dir/home/leon3/pico-sdk/lib/tinyusb/src/device/usbd.c.obj
 .rodata._usbd_driver
                0x1000a6c4       0x18 CMakeFiles/blink.dir/home/leon3/pico-sdk/lib/tinyusb/src/device/usbd.c.obj
 .rodata.multicore_lockout_start_block_until.str1.4
                0x1000a6dc       0x57 CMakeFiles/blink.dir/home/leon3/pico-sdk/src/rp2_common/pico_multicore/multicore.c.obj
 .rodata.multicore_launch_core1_with_stack.str1.4
                0x1000a6dc       0x19 CMakeFiles/blink.dir/home/leon3/pico-sdk/src/rp2_common/pico_multicore/multicore.c.obj
 .rodata.__func__.2
                0x1000a6dc       0x22 CMakeFiles/blink.dir/home/leon3/pico-sdk/src/rp2_common/pico_multicore/multicore.c.obj
 .rodata.pio_usb_bus_init.str1.4
                0x1000a6fe       0x7b CMakeFiles/blink.dir/Pico-PIO-USB/src/pio_usb.c.obj
 *fill*         0x1000a6fe        0x2 
 .rodata.__func__.0
                0x1000a700       0x18 CMakeFiles/blink.dir/Pico-PIO-USB/src/pio_usb.c.obj
 .rodata.__func__.3
                0x1000a718       0x1c CMakeFiles/blink.dir/Pico-PIO-USB/src/pio_usb.c.obj
 .rodata.usb_nrzi_decoder_debug_program
                0x1000a734        0x6 CMakeFiles/blink.dir/Pico-PIO-USB/src/pio_usb.c.obj
 *fill*         0x1000a73a        0x2 
 .rodata.usb_nrzi_decoder_debug_program_instructions
                0x1000a73c       0x1e CMakeFiles/blink.dir/Pico-PIO-USB/src/pio_usb.c.obj
 *fill*         0x1000a75a        0x2 
 .rodata.usb_nrzi_decoder_program
                0x1000a75c        0x6 CMakeFiles/blink.dir/Pico-PIO-USB/src/pio_usb.c.obj
 *fill*         0x1000a762        0x2 
 .rodata.usb_nrzi_decoder_program_instructions
                0x1000a764       0x1e CMakeFiles/blink.dir/Pico-PIO-USB/src/pio_usb.c.obj
 *fill*         0x1000a782        0x2 
 .rodata.usb_edge_detector_debug_program
                0x1000a784        0x6 CMakeFiles/blink.dir/Pico-PIO-USB/src/pio_usb.c.obj
 *fill*         0x1000a78a        0x2 
 .rodata.usb_edge_detector_debug_program_instructions
                0x1000a78c       0x22 CMakeFiles/blink.dir/Pico-PIO-USB/src/pio_usb.c.obj
 *fill*         0x1000a7ae        0x2 
 .rodata.usb_edge_detector_program
                0x1000a7b0        0x6 CMakeFiles/blink.dir/Pico-PIO-USB/src/pio_usb.c.obj
 *fill*         0x1000a7b6        0x2 
 .rodata.usb_edge_detector_program_instructions
                0x1000a7b8       0x22 CMakeFiles/blink.dir/Pico-PIO-USB/src/pio_usb.c.obj
 .rodata.device_disconnect.str1.4
                0x1000a7da       0x16 CMakeFiles/blink.dir/Pico-PIO-USB/src/pio_usb_host.c.obj
 .rodata.str1.4
                0x1000a7da      0x27b CMakeFiles/blink.dir/Pico-PIO-USB/src/pio_usb_host.c.obj
 .rodata.enumerate_device.str1.4
                0x1000a7da      0x1d6 CMakeFiles/blink.dir/Pico-PIO-USB/src/pio_usb_host.c.obj
 *fill*         0x1000a7da        0x2 
 .rodata        0x1000a7dc       0x50 CMakeFiles/blink.dir/Pico-PIO-USB/src/pio_usb_host.c.obj
 .rodata._pio_find_offset_for_program.str1.4